=== run_rpiotbr_cycle.sh 2026-05-24 18:58:40 ===
Device: /dev/sdd  Hostname: dev-piotbr  Skip-prompt: 0

--- Phase 1: Flash ---
[otbrstack] Loading env from /home/derek/Sync/mini_projects/otbr_commissioner_stacks/pangolin.env
[otbrstack] Flash Ubuntu Server 26.04 to SD card  (scripts: /home/derek/Sync/mini_projects/otbr_commissioner_stacks)
[main d3b913c] TEMP: pre-flash snapshot 2026-05-24 18:58:41
 1 file changed, 2 insertions(+), 2 deletions(-)
Preparing worktree (new branch 'flash/20260524-185841')
HEAD is now at d3b913c TEMP: pre-flash snapshot 2026-05-24 18:58:41
[otbrstack] Running flash from worktree: /tmp/tmp.jbfL7R2MXT-otbrstack-flash
[otbrstack] Main working tree remains editable on its current branch.
[0;32m[INFO][0m  SSH config entry found for 'dev-piotbr'.
[0;32m[INFO][0m  Target: /dev/sdd
NAME  SIZE TYPE MOUNTPOINT
sdd  29.7G disk 

[1;33m[WARN][0m  Skipping confirmation (-y). ALL DATA ON /dev/sdd WILL BE DESTROYED.
[1;33m[WARN][0m  SKIP_IMAGE_VERIFICATION=1 — skipping download, SHA-256, and size check.
[0;32m[INFO][0m  Flashing to /dev/sdd ...
2055208960 bytes (2.1 GB, 1.9 GiB) copied, 1.00034 s, 2.1 GB/s4114612224 bytes (4.1 GB, 3.8 GiB) copied, 2.00192 s, 2.1 GB/sdd: IO error: Input/output error
[otbrstack] Loading env from /home/derek/projects/otbr_commissioner_stacks/pangolin.env
[otbrstack] Flash Ubuntu Server 26.04 to SD card  (scripts: /home/derek/projects/otbr_commissioner_stacks)
[main afb39d7] TEMP: pre-flash snapshot 2026-05-24 19:03:17
 1 file changed, 17 insertions(+)
Preparing worktree (new branch 'flash/20260524-190317')
HEAD is now at afb39d7 TEMP: pre-flash snapshot 2026-05-24 19:03:17
[otbrstack] Running flash from worktree: /tmp/tmp.OndmcmjSnQ-otbrstack-flash
[otbrstack] Main working tree remains editable on its current branch.
[0;32m[INFO][0m  SSH config entry found for 'dev-piotbr'.
[0;32m[INFO][0m  Target: /dev/sdc
NAME    SIZE TYPE MOUNTPOINT
sdc    58.9G disk 
|-sdc1  512M part 
`-sdc2    4G part 

[1;33m[WARN][0m  Ubuntu Server detected on /dev/sdc but -f given — full reflash.
[1;33m[WARN][0m  Skipping confirmation (-y). ALL DATA ON /dev/sdc WILL BE DESTROYED.
[1;33m[WARN][0m  SKIP_IMAGE_VERIFICATION=1 — skipping download, SHA-256, and size check.
[0;32m[INFO][0m  Flashing to /dev/sdc ...
2042626048 bytes (2.0 GB, 1.9 GiB) copied, 1.00029 s, 2.0 GB/s3661627392 bytes (3.7 GB, 3.4 GiB) copied, 2.01002 s, 1.8 GB/s3913285632 bytes (3.9 GB, 3.6 GiB) copied, 3.01102 s, 1.3 GB/s4081057792 bytes (4.1 GB, 3.8 GiB) copied, 4.00224 s, 1.0 GB/s4227858432 bytes (4.2 GB, 3.9 GiB) copied, 5.029 s, 841 MB/s4349493248 bytes (4.3 GB, 4.1 GiB) copied, 6.00227 s, 725 MB/s4466933760 bytes (4.5 GB, 4.2 GiB) copied, 7.02363 s, 636 MB/s4575985664 bytes (4.6 GB, 4.3 GiB) copied, 8.04151 s, 569 MB/s4672454656 bytes (4.7 GB, 4.4 GiB) copied, 9.0272 s, 518 MB/s4760535040 bytes (4.8 GB, 4.4 GiB) copied, 10.0032 s, 476 MB/s4844421120 bytes (4.8 GB, 4.5 GiB) copied, 11.0261 s, 439 MB/s
1160+1 records in
1160+1 records out
4868059648 bytes (4.9 GB, 4.5 GiB) copied, 83.0947 s, 59 MB/s
[0;32m[INFO][0m  Flash complete. Re-reading partition table ...
[0;32m[INFO][0m  system-boot partition: /dev/sdc1
[0;32m[INFO][0m  Mounted /dev/sdc1 at /tmp/uc-boot-CzgUha
[0;32m[INFO][0m  cmdline.txt not present in system-boot (expected — Ubuntu 26.04 uses GRUB/UEFI; modprobe.d covers regulatory)
[0;32m[INFO][0m  config.txt: added country=US
[0;32m[INFO][0m  Writing cloud-init user-data ...
[0;32m[INFO][0m  cloud-init user-data written.
[0;32m[INFO][0m  cloud-init artifacts saved to /tmp/tmp.OndmcmjSnQ-otbrstack-flash/artifacts/rpi/dev-piotbr/
[0;32m[INFO][0m  Expanding root partition to fill /dev/sdc ...
resize2fs 1.47.2 (1-Jan-2025)
Resizing the filesystem on /dev/sdc2 to 15318272 (4k) blocks.
The filesystem on /dev/sdc2 is now 15318272 (4k) blocks long.

[0;32m[INFO][0m  Root partition expanded.
[0;32m[INFO][0m  Mounted root partition /dev/sdc2 — writing kernel config...
[0;32m[INFO][0m  Written /etc/flash-kernel.conf (MACHINE=Raspberry Pi 4 Model B)
[0;32m[INFO][0m  Seeded /var/log/otbr-firstboot.log on root partition.
[0;32m[INFO][0m  Resolving latest ESP-IDF release tag ...
fatal: unable to access 'https://github.com/espressif/esp-idf.git/': Could not resolve proxy: truenas0.ancapistan.io

[otbrstack] Flash complete. Flash branch preserved at: flash/20260524-190317
[otbrstack] Git HEAD at time of flash:
afb39d7 TEMP: pre-flash snapshot 2026-05-24 19:03:17
[otbrstack] Loading env from /home/derek/projects/otbr_commissioner_stacks/pangolin.env
[otbrstack] Flash Ubuntu Server 26.04 to SD card  (scripts: /home/derek/projects/otbr_commissioner_stacks)
[main 870684a] TEMP: pre-flash snapshot 2026-05-24 19:10:34
 1 file changed, 46 insertions(+)
Preparing worktree (new branch 'flash/20260524-191034')
HEAD is now at 870684a TEMP: pre-flash snapshot 2026-05-24 19:10:34
[otbrstack] Running flash from worktree: /tmp/tmp.j2XIdt2ynZ-otbrstack-flash
[otbrstack] Main working tree remains editable on its current branch.
[0;32m[INFO][0m  SSH config entry found for 'dev-piotbr'.
[0;32m[INFO][0m  Target: /dev/sdd
NAME    SIZE TYPE MOUNTPOINT
sdd    58.9G disk 
|-sdd1  512M part 
`-sdd2 58.4G part 

[1;33m[WARN][0m  Ubuntu Server detected on /dev/sdd but -f given — full reflash.
[1;33m[WARN][0m  Skipping confirmation (-y). ALL DATA ON /dev/sdd WILL BE DESTROYED.
[1;33m[WARN][0m  SKIP_IMAGE_VERIFICATION=1 — skipping download, SHA-256, and size check.
[0;32m[INFO][0m  Flashing to /dev/sdd ...
2021654528 bytes (2.0 GB, 1.9 GiB) copied, 1.0013 s, 2.0 GB/s3657433088 bytes (3.7 GB, 3.4 GiB) copied, 2.01094 s, 1.8 GB/s3896508416 bytes (3.9 GB, 3.6 GiB) copied, 3.01186 s, 1.3 GB/s4060086272 bytes (4.1 GB, 3.8 GiB) copied, 4.02015 s, 1.0 GB/s4194304000 bytes (4.2 GB, 3.9 GiB) copied, 5.00192 s, 839 MB/s4311744512 bytes (4.3 GB, 4.0 GiB) copied, 6.01531 s, 717 MB/s4420796416 bytes (4.4 GB, 4.1 GiB) copied, 7.00306 s, 631 MB/s4529848320 bytes (4.5 GB, 4.2 GiB) copied, 8.04229 s, 563 MB/s4626317312 bytes (4.6 GB, 4.3 GiB) copied, 9.00605 s, 514 MB/s4722786304 bytes (4.7 GB, 4.4 GiB) copied, 10.0352 s, 471 MB/s4810866688 bytes (4.8 GB, 4.5 GiB) copied, 11.0373 s, 436 MB/s
1160+1 records in
1160+1 records out
4868059648 bytes (4.9 GB, 4.5 GiB) copied, 83.0574 s, 59 MB/s
[0;32m[INFO][0m  Flash complete. Re-reading partition table ...
[0;32m[INFO][0m  system-boot partition: /dev/sdd1
[0;32m[INFO][0m  Mounted /dev/sdd1 at /tmp/uc-boot-yTZif8
[0;32m[INFO][0m  cmdline.txt not present in system-boot (expected — Ubuntu 26.04 uses GRUB/UEFI; modprobe.d covers regulatory)
[0;32m[INFO][0m  config.txt: added country=US
[0;32m[INFO][0m  Writing cloud-init user-data ...
[0;32m[INFO][0m  cloud-init user-data written.
[0;32m[INFO][0m  cloud-init artifacts saved to /tmp/tmp.j2XIdt2ynZ-otbrstack-flash/artifacts/rpi/dev-piotbr/
[0;32m[INFO][0m  Expanding root partition to fill /dev/sdd ...
resize2fs 1.47.2 (1-Jan-2025)
Resizing the filesystem on /dev/sdd2 to 15318272 (4k) blocks.
The filesystem on /dev/sdd2 is now 15318272 (4k) blocks long.

[0;32m[INFO][0m  Root partition expanded.
[0;32m[INFO][0m  Mounted root partition /dev/sdd2 — writing kernel config...
[0;32m[INFO][0m  Written /etc/flash-kernel.conf (MACHINE=Raspberry Pi 4 Model B)
[0;32m[INFO][0m  Seeded /var/log/otbr-firstboot.log on root partition.
[0;32m[INFO][0m  Resolving latest ESP-IDF release tag ...
fatal: unable to access 'https://github.com/espressif/esp-idf.git/': Could not resolve proxy: truenas0.ancapistan.io

[otbrstack] Flash complete. Flash branch preserved at: flash/20260524-191034
[otbrstack] Git HEAD at time of flash:
870684a TEMP: pre-flash snapshot 2026-05-24 19:10:34
[otbrstack] Loading env from /home/derek/projects/otbr_commissioner_stacks/pangolin.env
[otbrstack] Flash Ubuntu Server 26.04 to SD card  (scripts: /home/derek/projects/otbr_commissioner_stacks)
[main bb3f573] TEMP: pre-flash snapshot 2026-05-24 19:27:35
 1 file changed, 46 insertions(+)
Preparing worktree (new branch 'flash/20260524-192735')
HEAD is now at bb3f573 TEMP: pre-flash snapshot 2026-05-24 19:27:35
[otbrstack] Running flash from worktree: /tmp/tmp.KQRwfDKHKn-otbrstack-flash
[otbrstack] Main working tree remains editable on its current branch.
[0;32m[INFO][0m  SSH config entry found for 'dev-piotbr'.
[0;31m[ERR ][0m  /dev/sdd has mounted partitions — unmount first.

[otbrstack] Flash complete. Flash branch preserved at: flash/20260524-192735
[otbrstack] Git HEAD at time of flash:
bb3f573 TEMP: pre-flash snapshot 2026-05-24 19:27:35
[otbrstack] Loading env from /home/derek/projects/otbr_commissioner_stacks/pangolin.env
[otbrstack] Flash Ubuntu Server 26.04 to SD card  (scripts: /home/derek/projects/otbr_commissioner_stacks)
[main 7316160] TEMP: pre-flash snapshot 2026-05-24 19:27:50
 1 file changed, 14 insertions(+)
Preparing worktree (new branch 'flash/20260524-192750')
HEAD is now at 7316160 TEMP: pre-flash snapshot 2026-05-24 19:27:50
[otbrstack] Running flash from worktree: /tmp/tmp.2qq0u94Bry-otbrstack-flash
[otbrstack] Main working tree remains editable on its current branch.
[0;32m[INFO][0m  SSH config entry found for 'dev-piotbr'.
[0;32m[INFO][0m  Target: /dev/sde
NAME    SIZE TYPE MOUNTPOINT
sde    58.9G disk 
|-sde1  512M part 
`-sde2 58.4G part 

[1;33m[WARN][0m  Ubuntu Server detected on /dev/sde but -f given — full reflash.
[1;33m[WARN][0m  Skipping confirmation (-y). ALL DATA ON /dev/sde WILL BE DESTROYED.
[1;33m[WARN][0m  SKIP_IMAGE_VERIFICATION=1 — skipping download, SHA-256, and size check.
[0;32m[INFO][0m  Flashing to /dev/sde ...
2092957696 bytes (2.1 GB, 1.9 GiB) copied, 1.00033 s, 2.1 GB/s3661627392 bytes (3.7 GB, 3.4 GiB) copied, 2.00927 s, 1.8 GB/s3867148288 bytes (3.9 GB, 3.6 GiB) copied, 3.00673 s, 1.3 GB/s4022337536 bytes (4.0 GB, 3.7 GiB) copied, 4.00478 s, 1.0 GB/s4160749568 bytes (4.2 GB, 3.9 GiB) copied, 5.00925 s, 831 MB/s4286578688 bytes (4.3 GB, 4.0 GiB) copied, 6.00182 s, 714 MB/s4404019200 bytes (4.4 GB, 4.1 GiB) copied, 7.00088 s, 629 MB/s4517265408 bytes (4.5 GB, 4.2 GiB) copied, 8.0238 s, 563 MB/s4617928704 bytes (4.6 GB, 4.3 GiB) copied, 9.00527 s, 513 MB/s4718592000 bytes (4.7 GB, 4.4 GiB) copied, 10.0392 s, 470 MB/s4806672384 bytes (4.8 GB, 4.5 GiB) copied, 11.0148 s, 436 MB/s
1160+1 records in
1160+1 records out
4868059648 bytes (4.9 GB, 4.5 GiB) copied, 82.807 s, 59 MB/s
[0;32m[INFO][0m  Flash complete. Re-reading partition table ...
[0;32m[INFO][0m  system-boot partition: /dev/sde1
[0;32m[INFO][0m  Mounted /dev/sde1 at /tmp/uc-boot-Wsobwx
[0;32m[INFO][0m  cmdline.txt not present in system-boot (expected — Ubuntu 26.04 uses GRUB/UEFI; modprobe.d covers regulatory)
[0;32m[INFO][0m  config.txt: added country=US
[0;32m[INFO][0m  Writing cloud-init user-data ...
[0;32m[INFO][0m  cloud-init user-data written.
[0;32m[INFO][0m  cloud-init artifacts saved to /tmp/tmp.2qq0u94Bry-otbrstack-flash/artifacts/rpi/dev-piotbr/
[0;32m[INFO][0m  Expanding root partition to fill /dev/sde ...
resize2fs 1.47.2 (1-Jan-2025)
Resizing the filesystem on /dev/sde2 to 15318272 (4k) blocks.
The filesystem on /dev/sde2 is now 15318272 (4k) blocks long.

[0;32m[INFO][0m  Root partition expanded.
[0;32m[INFO][0m  Mounted root partition /dev/sde2 — writing kernel config...
[0;32m[INFO][0m  Written /etc/flash-kernel.conf (MACHINE=Raspberry Pi 4 Model B)
[0;32m[INFO][0m  Seeded /var/log/otbr-firstboot.log on root partition.
[0;32m[INFO][0m  Resolving latest ESP-IDF release tag ...
[0;32m[INFO][0m  Latest ESP-IDF release: v6.0.1
[0;32m[INFO][0m  ESP-IDF cache already at v6.0.1.
[0;32m[INFO][0m  Pre-loading ESP-IDF source (941M, skipping build/ dirs) → /opt/esp-idf ...
[0;32m[INFO][0m  ESP-IDF source pre-loaded.
[0;32m[INFO][0m  Cached RCP firmware found — skipping chroot build.
[0;32m[INFO][0m  Running arm64 chroot — apt upgrade + install + ESP-IDF toolchain ...
Get:1 http://archive.ubuntu.com/ubuntu resolute InRelease [136 kB]
Get:2 http://archive.ubuntu.com/ubuntu resolute-security InRelease [136 kB]
Get:3 http://archive.ubuntu.com/ubuntu resolute/main arm64 Packages [1,468 kB]
Get:4 http://archive.ubuntu.com/ubuntu resolute/main arm64 Components [377 kB]
Get:5 http://archive.ubuntu.com/ubuntu resolute/main arm64 c-n-f Metadata [32.2 kB]
Get:6 http://archive.ubuntu.com/ubuntu resolute/restricted arm64 Components [196 B]
Get:7 http://archive.ubuntu.com/ubuntu resolute/restricted arm64 c-n-f Metadata [376 B]
Get:8 http://archive.ubuntu.com/ubuntu resolute/universe arm64 Packages [16.2 MB]
Get:9 http://archive.ubuntu.com/ubuntu resolute/universe Translation-en [6,329 kB]
Get:10 http://archive.ubuntu.com/ubuntu resolute/universe arm64 Components [3,947 kB]
Get:11 http://archive.ubuntu.com/ubuntu resolute/universe arm64 c-n-f Metadata [306 kB]
Get:12 http://archive.ubuntu.com/ubuntu resolute/multiverse arm64 Packages [245 kB]
Get:13 http://archive.ubuntu.com/ubuntu resolute/multiverse Translation-en [127 kB]
Get:14 http://archive.ubuntu.com/ubuntu resolute/multiverse arm64 Components [44.1 kB]
Get:15 http://archive.ubuntu.com/ubuntu resolute/multiverse arm64 c-n-f Metadata [7,076 B]
Get:16 http://archive.ubuntu.com/ubuntu resolute-security/main arm64 Packages [86.9 kB]
Get:17 http://archive.ubuntu.com/ubuntu resolute-security/main Translation-en [27.7 kB]
Get:18 http://archive.ubuntu.com/ubuntu resolute-security/main arm64 Components [2,844 B]
Get:19 http://archive.ubuntu.com/ubuntu resolute-security/main arm64 c-n-f Metadata [968 B]
Get:20 http://archive.ubuntu.com/ubuntu resolute-security/restricted arm64 Packages [232 kB]
Get:21 http://archive.ubuntu.com/ubuntu resolute-security/restricted Translation-en [29.3 kB]
Get:22 http://archive.ubuntu.com/ubuntu resolute-security/restricted arm64 Components [212 B]
Get:23 http://archive.ubuntu.com/ubuntu resolute-security/restricted arm64 c-n-f Metadata [120 B]
Get:24 http://archive.ubuntu.com/ubuntu resolute-security/universe arm64 Packages [44.7 kB]
Get:25 http://archive.ubuntu.com/ubuntu resolute-security/universe Translation-en [15.6 kB]
Get:26 http://archive.ubuntu.com/ubuntu resolute-security/universe arm64 Components [39.8 kB]
Get:27 http://archive.ubuntu.com/ubuntu resolute-security/universe arm64 c-n-f Metadata [628 B]
Get:28 http://archive.ubuntu.com/ubuntu resolute-security/multiverse arm64 Components [212 B]
Get:29 http://archive.ubuntu.com/ubuntu resolute-security/multiverse arm64 c-n-f Metadata [120 B]
Fetched 29.8 MB in 12s (2,476 kB/s)
Reading package lists...
Reading package lists...
Building dependency tree...
Reading state information...
Calculating upgrade...
The following packages have been kept back:
  linux-image-raspi
The following packages will be upgraded:
  bind9-dnsutils bind9-host bind9-libs curl gir1.2-packagekitglib-1.0 jq
  libcurl3t64-gnutls libcurl4t64 libgnutls30t64 libjq1 libnghttp2-14
  libntfs-3g89t64 libpackagekit-glib2-18 ntfs-3g openssh-client openssh-server
  openssh-sftp-server packagekit python3-distupgrade rsync sed
  ubuntu-release-upgrader-core vim vim-common vim-runtime vim-tiny xxd
27 upgraded, 0 newly installed, 0 to remove and 1 not upgraded.
Need to get 18.1 MB of archives.
After this operation, 80.9 kB disk space will be freed.
Get:1 http://archive.ubuntu.com/ubuntu resolute-security/main arm64 sed arm64 4.9-2ubuntu1 [193 kB]
Get:2 http://archive.ubuntu.com/ubuntu resolute-security/main arm64 libgnutls30t64 arm64 3.8.12-2ubuntu1.1 [957 kB]
Get:3 http://archive.ubuntu.com/ubuntu resolute-security/main arm64 vim arm64 2:9.1.2141-1ubuntu4.1 [1,957 kB]
Get:4 http://archive.ubuntu.com/ubuntu resolute-security/main arm64 vim-common all 2:9.1.2141-1ubuntu4.1 [494 kB]
Get:5 http://archive.ubuntu.com/ubuntu resolute-security/main arm64 vim-tiny arm64 2:9.1.2141-1ubuntu4.1 [821 kB]
Get:6 http://archive.ubuntu.com/ubuntu resolute-security/main arm64 vim-runtime all 2:9.1.2141-1ubuntu4.1 [7,511 kB]
Get:7 http://archive.ubuntu.com/ubuntu resolute-security/main arm64 xxd arm64 2:9.1.2141-1ubuntu4.1 [67.3 kB]
Get:8 http://archive.ubuntu.com/ubuntu resolute-security/main arm64 libnghttp2-14 arm64 1.68.0-2ubuntu0.1 [70.5 kB]
Get:9 http://archive.ubuntu.com/ubuntu resolute-security/main arm64 bind9-host arm64 1:9.20.18-1ubuntu2.1 [48.3 kB]
Get:10 http://archive.ubuntu.com/ubuntu resolute-security/main arm64 bind9-dnsutils arm64 1:9.20.18-1ubuntu2.1 [164 kB]
Get:11 http://archive.ubuntu.com/ubuntu resolute-security/main arm64 bind9-libs arm64 1:9.20.18-1ubuntu2.1 [1,242 kB]
Get:12 http://archive.ubuntu.com/ubuntu resolute-security/main arm64 ntfs-3g arm64 1:2022.10.3-5ubuntu1 [398 kB]
Get:13 http://archive.ubuntu.com/ubuntu resolute-security/main arm64 libntfs-3g89t64 arm64 1:2022.10.3-5ubuntu1 [158 kB]
Get:14 http://archive.ubuntu.com/ubuntu resolute-security/main arm64 openssh-sftp-server arm64 1:10.2p1-2ubuntu3.2 [36.8 kB]
Get:15 http://archive.ubuntu.com/ubuntu resolute-security/main arm64 openssh-server arm64 1:10.2p1-2ubuntu3.2 [604 kB]
Get:16 http://archive.ubuntu.com/ubuntu resolute-security/main arm64 openssh-client arm64 1:10.2p1-2ubuntu3.2 [904 kB]
Get:17 http://archive.ubuntu.com/ubuntu resolute/main arm64 ubuntu-release-upgrader-core all 1:26.04.18 [24.9 kB]
Get:18 http://archive.ubuntu.com/ubuntu resolute/main arm64 python3-distupgrade all 1:26.04.18 [101 kB]
Get:19 http://archive.ubuntu.com/ubuntu resolute-security/main arm64 rsync arm64 3.4.1+ds1-7ubuntu0.2 [435 kB]
Get:20 http://archive.ubuntu.com/ubuntu resolute-security/main arm64 curl arm64 8.18.0-1ubuntu2.1 [268 kB]
Get:21 http://archive.ubuntu.com/ubuntu resolute-security/main arm64 libcurl4t64 arm64 8.18.0-1ubuntu2.1 [412 kB]
Get:22 http://archive.ubuntu.com/ubuntu resolute-security/main arm64 libpackagekit-glib2-18 arm64 1.3.4-3ubuntu1 [116 kB]
Get:23 http://archive.ubuntu.com/ubuntu resolute-security/main arm64 gir1.2-packagekitglib-1.0 arm64 1.3.4-3ubuntu1 [25.6 kB]
Get:24 http://archive.ubuntu.com/ubuntu resolute-security/main arm64 jq arm64 1.8.1-4ubuntu2 [72.2 kB]
Get:25 http://archive.ubuntu.com/ubuntu resolute-security/main arm64 libjq1 arm64 1.8.1-4ubuntu2 [140 kB]
Get:26 http://archive.ubuntu.com/ubuntu resolute-security/main arm64 libcurl3t64-gnutls arm64 8.18.0-1ubuntu2.1 [404 kB]
Get:27 http://archive.ubuntu.com/ubuntu resolute-security/main arm64 packagekit arm64 1.3.4-3ubuntu1 [486 kB]
Preconfiguring packages ...
Fetched 18.1 MB in 1s (12.2 MB/s)
(Reading database… (Reading database… 5%(Reading database… 10%(Reading database… 15%(Reading database… 20%(Reading database… 25%(Reading database… 30%(Reading database… 35%(Reading database… 40%(Reading database… 45%(Reading database… 50%(Reading database… 55%(Reading database… 60%(Reading database… 65%(Reading database… 70%(Reading database… 75%(Reading database… 80%(Reading database… 85%(Reading database… 90%(Reading database… 95%(Reading database… 100%(Reading database… 67735 files and directories currently installed.)
Preparing to unpack …/sed_4.9-2ubuntu1_arm64.deb…
Unpacking sed (4.9-2ubuntu1) over (4.9-2build3)…
Setting up sed (4.9-2ubuntu1)…
(Reading database… (Reading database… 5%(Reading database… 10%(Reading database… 15%(Reading database… 20%(Reading database… 25%(Reading database… 30%(Reading database… 35%(Reading database… 40%(Reading database… 45%(Reading database… 50%(Reading database… 55%(Reading database… 60%(Reading database… 65%(Reading database… 70%(Reading database… 75%(Reading database… 80%(Reading database… 85%(Reading database… 90%(Reading database… 95%(Reading database… 100%(Reading database… 67735 files and directories currently installed.)
Preparing to unpack …/00-libgnutls30t64_3.8.12-2ubuntu1.1_arm64.deb…
Unpacking libgnutls30t64:arm64 (3.8.12-2ubuntu1.1) over (3.8.12-2ubuntu1)…
Preparing to unpack …/01-vim_2%3a9.1.2141-1ubuntu4.1_arm64.deb…
Unpacking vim (2:9.1.2141-1ubuntu4.1) over (2:9.1.2141-1ubuntu4)…
Preparing to unpack …/02-vim-common_2%3a9.1.2141-1ubuntu4.1_all.deb…
Unpacking vim-common (2:9.1.2141-1ubuntu4.1) over (2:9.1.2141-1ubuntu4)…
Preparing to unpack …/03-vim-tiny_2%3a9.1.2141-1ubuntu4.1_arm64.deb…
Unpacking vim-tiny (2:9.1.2141-1ubuntu4.1) over (2:9.1.2141-1ubuntu4)…
Preparing to unpack …/04-vim-runtime_2%3a9.1.2141-1ubuntu4.1_all.deb…
Unpacking vim-runtime (2:9.1.2141-1ubuntu4.1) over (2:9.1.2141-1ubuntu4)…
Preparing to unpack …/05-xxd_2%3a9.1.2141-1ubuntu4.1_arm64.deb…
Unpacking xxd (2:9.1.2141-1ubuntu4.1) over (2:9.1.2141-1ubuntu4)…
Preparing to unpack …/06-libnghttp2-14_1.68.0-2ubuntu0.1_arm64.deb…
Unpacking libnghttp2-14:arm64 (1.68.0-2ubuntu0.1) over (1.68.0-2)…
Preparing to unpack …/07-bind9-host_1%3a9.20.18-1ubuntu2.1_arm64.deb…
Unpacking bind9-host (1:9.20.18-1ubuntu2.1) over (1:9.20.18-1ubuntu2)…
Preparing to unpack …/08-bind9-dnsutils_1%3a9.20.18-1ubuntu2.1_arm64.deb…
Unpacking bind9-dnsutils (1:9.20.18-1ubuntu2.1) over (1:9.20.18-1ubuntu2)…
Preparing to unpack …/09-bind9-libs_1%3a9.20.18-1ubuntu2.1_arm64.deb…
Unpacking bind9-libs:arm64 (1:9.20.18-1ubuntu2.1) over (1:9.20.18-1ubuntu2)…
Preparing to unpack …/10-ntfs-3g_1%3a2022.10.3-5ubuntu1_arm64.deb…
Unpacking ntfs-3g (1:2022.10.3-5ubuntu1) over (1:2022.10.3-5build1)…
Preparing to unpack …/11-libntfs-3g89t64_1%3a2022.10.3-5ubuntu1_arm64.deb…
Adding “diversion of /lib/aarch64-linux-gnu/libntfs-3g.so.89 to /lib/aarch64-linux-gnu/libntfs-3g.so.89.usr-is-merged by libntfs-3g89t64”
Adding “diversion of /lib/aarch64-linux-gnu/libntfs-3g.so.89.0.0 to /lib/aarch64-linux-gnu/libntfs-3g.so.89.0.0.usr-is-merged by libntfs-3g89t64”
Unpacking libntfs-3g89t64:arm64 (1:2022.10.3-5ubuntu1) over (1:2022.10.3-5build1)…
Preparing to unpack …/12-openssh-sftp-server_1%3a10.2p1-2ubuntu3.2_arm64.deb…
Unpacking openssh-sftp-server (1:10.2p1-2ubuntu3.2) over (1:10.2p1-2ubuntu3)…
Preparing to unpack …/13-openssh-server_1%3a10.2p1-2ubuntu3.2_arm64.deb…
Unpacking openssh-server (1:10.2p1-2ubuntu3.2) over (1:10.2p1-2ubuntu3)…
Preparing to unpack …/14-openssh-client_1%3a10.2p1-2ubuntu3.2_arm64.deb…
Unpacking openssh-client (1:10.2p1-2ubuntu3.2) over (1:10.2p1-2ubuntu3)…
Preparing to unpack …/15-ubuntu-release-upgrader-core_1%3a26.04.18_all.deb…
Unpacking ubuntu-release-upgrader-core (1:26.04.18) over (1:26.04.16)…
Preparing to unpack …/16-python3-distupgrade_1%3a26.04.18_all.deb…
Unpacking python3-distupgrade (1:26.04.18) over (1:26.04.16)…
Preparing to unpack …/17-rsync_3.4.1+ds1-7ubuntu0.2_arm64.deb…
Unpacking rsync (3.4.1+ds1-7ubuntu0.2) over (3.4.1+ds1-7)…
Preparing to unpack …/18-curl_8.18.0-1ubuntu2.1_arm64.deb…
Unpacking curl (8.18.0-1ubuntu2.1) over (8.18.0-1ubuntu2)…
Preparing to unpack …/19-libcurl4t64_8.18.0-1ubuntu2.1_arm64.deb…
Unpacking libcurl4t64:arm64 (8.18.0-1ubuntu2.1) over (8.18.0-1ubuntu2)…
Preparing to unpack …/20-libpackagekit-glib2-18_1.3.4-3ubuntu1_arm64.deb…
Unpacking libpackagekit-glib2-18:arm64 (1.3.4-3ubuntu1) over (1.3.4-3)…
Preparing to unpack …/21-gir1.2-packagekitglib-1.0_1.3.4-3ubuntu1_arm64.deb…
Unpacking gir1.2-packagekitglib-1.0 (1.3.4-3ubuntu1) over (1.3.4-3)…
Preparing to unpack …/22-jq_1.8.1-4ubuntu2_arm64.deb…
Unpacking jq (1.8.1-4ubuntu2) over (1.8.1-4ubuntu1)…
Preparing to unpack …/23-libjq1_1.8.1-4ubuntu2_arm64.deb…
Unpacking libjq1:arm64 (1.8.1-4ubuntu2) over (1.8.1-4ubuntu1)…
Preparing to unpack …/24-libcurl3t64-gnutls_8.18.0-1ubuntu2.1_arm64.deb…
Unpacking libcurl3t64-gnutls:arm64 (8.18.0-1ubuntu2.1) over (8.18.0-1ubuntu2)…
Preparing to unpack …/25-packagekit_1.3.4-3ubuntu1_arm64.deb…
Unpacking packagekit (1.3.4-3ubuntu1) over (1.3.4-3)…
Setting up libgnutls30t64:arm64 (3.8.12-2ubuntu1.1)…
Setting up libntfs-3g89t64:arm64 (1:2022.10.3-5ubuntu1)…
Removing “diversion of /lib/aarch64-linux-gnu/libntfs-3g.so.89 to /lib/aarch64-linux-gnu/libntfs-3g.so.89.usr-is-merged by libntfs-3g89t64”
Removing “diversion of /lib/aarch64-linux-gnu/libntfs-3g.so.89.0.0 to /lib/aarch64-linux-gnu/libntfs-3g.so.89.0.0.usr-is-merged by libntfs-3g89t64”
Setting up libjq1:arm64 (1.8.1-4ubuntu2)…
Setting up openssh-client (1:10.2p1-2ubuntu3.2)…
Setting up libnghttp2-14:arm64 (1.68.0-2ubuntu0.1)…
Setting up libcurl3t64-gnutls:arm64 (8.18.0-1ubuntu2.1)…
Setting up libpackagekit-glib2-18:arm64 (1.3.4-3ubuntu1)…
Setting up python3-distupgrade (1:26.04.18)…
Setting up xxd (2:9.1.2141-1ubuntu4.1)…
Setting up ntfs-3g (1:2022.10.3-5ubuntu1)…
Setting up gir1.2-packagekitglib-1.0 (1.3.4-3ubuntu1)…
Setting up vim-common (2:9.1.2141-1ubuntu4.1)…
Setting up ubuntu-release-upgrader-core (1:26.04.18)…
Setting up jq (1.8.1-4ubuntu2)…
Setting up packagekit (1.3.4-3ubuntu1)…
invoke-rc.d: could not determine current runlevel
 * Reloading system message bus config...       [80G Failed to open connection to "system" message bus: Failed to connect to socket /run/dbus/system_bus_socket: No such file or directory
invoke-rc.d: initscript dbus, action "force-reload" failed.
Failed to open connection to "system" message bus: Failed to connect to socket /run/dbus/system_bus_socket: No such file or directory
Setting up vim-runtime (2:9.1.2141-1ubuntu4.1)…
Setting up rsync (3.4.1+ds1-7ubuntu0.2)…
invoke-rc.d: could not determine current runlevel
Setting up openssh-sftp-server (1:10.2p1-2ubuntu3.2)…
Setting up vim (2:9.1.2141-1ubuntu4.1)…
Setting up openssh-server (1:10.2p1-2ubuntu3.2)…
Creating SSH2 RSA key; this may take some time ...
3072 SHA256:1cPQn66d/WaGbl96lqNsDr7otn2hvLLxMb8B57Rm2cU root@pangolin (RSA)
Creating SSH2 ECDSA key; this may take some time ...
256 SHA256:AmB2d0XVRLPFCs2lywZhTUe5RuZvJXU2RRmJ8N2sj+A root@pangolin (ECDSA)
Creating SSH2 ED25519 key; this may take some time ...
256 SHA256:+EKavuwhTxy0VUaoCa9oiXIZS6sW9O15DlDTmbeweRo root@pangolin (ED25519)
invoke-rc.d: could not determine current runlevel
Setting up libcurl4t64:arm64 (8.18.0-1ubuntu2.1)…
Setting up bind9-libs:arm64 (1:9.20.18-1ubuntu2.1)…
Setting up vim-tiny (2:9.1.2141-1ubuntu4.1)…
Setting up curl (8.18.0-1ubuntu2.1)…
Setting up bind9-host (1:9.20.18-1ubuntu2.1)…
Setting up bind9-dnsutils (1:9.20.18-1ubuntu2.1)…
Processing triggers for libc-bin (2.43-2ubuntu2)…
Processing triggers for ufw (0.36.2-9build1)…
ERROR: Couldn't determine iptables version
Processing ufw triggers failed. Ignoring.
Processing triggers for man-db (2.13.1-1build1)…
Processing triggers for dbus (1.16.2-2ubuntu4)…
Processing triggers for dracut (110-11)…
update-initramfs: Generating /boot/initrd.img-7.0.0-1009-raspi
Processing triggers for install-info (7.2-5ubuntu2)…
[otbrstack] Logs from dev-piotbr

=== [dmesg] ===
[dmesg] 2026-04-15T18:32:54+00:00 ubuntu kernel: Booting Linux on physical CPU 0x0000000000 [0x410fd083]
[dmesg] 2026-04-15T18:32:54+00:00 ubuntu kernel: Linux version 7.0.0-1009-raspi (buildd@bos03-arm64-090) (aarch64-linux-gnu-gcc (Ubuntu 15.2.0-16ubuntu1) 15.2.0, GNU ld (GNU Binutils for Ubuntu) 2.46) #9-Ubuntu SMP PREEMPT_DYNAMIC Mon Apr 13 16:37:04 UTC 2026 (Ubuntu 7.0.0-1009.9-raspi 7.0.0)
[dmesg] 2026-04-15T18:32:54+00:00 ubuntu kernel: KASLR enabled
[dmesg] 2026-04-15T18:32:54+00:00 ubuntu kernel: random: crng init done
[dmesg] 2026-04-15T18:32:54+00:00 ubuntu kernel: Machine model: Raspberry Pi 4 Model B Rev 1.2
[dmesg] 2026-04-15T18:32:54+00:00 ubuntu kernel: Malformed early option 'numa'
[dmesg] 2026-04-15T18:32:54+00:00 ubuntu kernel: efi: UEFI not found.
[dmesg] 2026-04-15T18:32:54+00:00 ubuntu kernel: Reserved memory: created CMA memory pool at 0x000000000ae00000, size 512 MiB
[dmesg] 2026-04-15T18:32:54+00:00 ubuntu kernel: OF: reserved mem: initialized node linux,cma, compatible id shared-dma-pool
[dmesg] 2026-04-15T18:32:54+00:00 ubuntu kernel: OF: reserved mem: 0x000000000ae00000..0x000000002adfffff (524288 KiB) map reusable linux,cma
[dmesg] 2026-04-15T18:32:54+00:00 ubuntu kernel: OF: reserved mem: 0x000000003ef745e0..0x000000003ef749cf (0 KiB) nomap non-reusable nvram@0
[dmesg] 2026-04-15T18:32:54+00:00 ubuntu kernel: OF: reserved mem: 0x000000003ef743a0..0x000000003ef7459f (0 KiB) nomap non-reusable nvram@1
[dmesg] 2026-04-15T18:32:54+00:00 ubuntu kernel: NUMA: Faking a node at [mem 0x0000000000000000-0x00000000fbffffff]
[dmesg] 2026-04-15T18:32:54+00:00 ubuntu kernel: NODE_DATA(0) allocated [mem 0xfb7fd140-0xfb8016bf]
[dmesg] 2026-04-15T18:32:54+00:00 ubuntu kernel: Zone ranges:
[dmesg] 2026-04-15T18:32:54+00:00 ubuntu kernel:   DMA      [mem 0x0000000000000000-0x000000003fffffff]
[dmesg] 2026-04-15T18:32:54+00:00 ubuntu kernel:   DMA32    [mem 0x0000000040000000-0x00000000fbffffff]
[dmesg] 2026-04-15T18:32:54+00:00 ubuntu kernel:   Normal   empty
[dmesg] 2026-04-15T18:32:54+00:00 ubuntu kernel: Movable zone start for each node
[dmesg] 2026-04-15T18:32:54+00:00 ubuntu kernel: Early memory node ranges
[dmesg] 2026-04-15T18:32:54+00:00 ubuntu kernel:   node   0: [mem 0x0000000000000000-0x000000003b3fffff]
[dmesg] 2026-04-15T18:32:54+00:00 ubuntu kernel:   node   0: [mem 0x0000000040000000-0x00000000fbffffff]
[dmesg] 2026-04-15T18:32:54+00:00 ubuntu kernel: Initmem setup node 0 [mem 0x0000000000000000-0x00000000fbffffff]
[dmesg] 2026-04-15T18:32:54+00:00 ubuntu kernel: On node 0, zone DMA32: 19456 pages in unavailable ranges
[dmesg] 2026-04-15T18:32:54+00:00 ubuntu kernel: On node 0, zone DMA32: 16384 pages in unavailable ranges
[dmesg] 2026-04-15T18:32:54+00:00 ubuntu kernel: percpu: Embedded 56 pages/cpu s103384 r8192 d117800 u229376
[dmesg] 2026-04-15T18:32:54+00:00 ubuntu kernel: pcpu-alloc: s103384 r8192 d117800 u229376 alloc=56*4096
[dmesg] 2026-04-15T18:32:54+00:00 ubuntu kernel: pcpu-alloc: [0] 0 [0] 1 [0] 2 [0] 3 
[dmesg] 2026-04-15T18:32:54+00:00 ubuntu kernel: Detected PIPT I-cache on CPU0
[dmesg] 2026-04-15T18:32:54+00:00 ubuntu kernel: CPU features: detected: Spectre-v2
[dmesg] 2026-04-15T18:32:54+00:00 ubuntu kernel: CPU features: detected: Spectre-v3a
[dmesg] 2026-04-15T18:32:54+00:00 ubuntu kernel: CPU features: detected: Spectre-v4
[dmesg] 2026-04-15T18:32:54+00:00 ubuntu kernel: CPU features: detected: Spectre-BHB
[dmesg] 2026-04-15T18:32:54+00:00 ubuntu kernel: CPU features: kernel page table isolation forced ON by KASLR
[dmesg] 2026-04-15T18:32:54+00:00 ubuntu kernel: CPU features: detected: Kernel page table isolation (KPTI)
[dmesg] 2026-04-15T18:32:54+00:00 ubuntu kernel: CPU features: detected: ARM erratum 1742098
[dmesg] 2026-04-15T18:32:54+00:00 ubuntu kernel: CPU features: detected: ARM errata 1165522, 1319367, or 1530923
[dmesg] 2026-04-15T18:32:54+00:00 ubuntu kernel: alternatives: applying boot alternatives
[dmesg] 2026-04-15T18:32:54+00:00 ubuntu kernel: Kernel command line: coherent_pool=1M 8250.nr_uarts=1 snd_bcm2835.enable_headphones=0 numa_policy=interleave nvme.max_host_mem_size_mb=0 snd_bcm2835.enable_headphones=1 snd_bcm2835.enable_hdmi=1 snd_bcm2835.enable_hdmi=0  numa=fake=2 system_heap.max_order=0 iommu_dma_numa_policy=interleave smsc95xx.macaddr=DC:A6:32:62:E4:01 vc_mem.mem_base=0x3ec00000 vc_mem.mem_size=0x40000000  console=ttyS0,115200 multipath=off dwc_otg.lpm_enable=0 console=tty1 root=LABEL=writable rootfstype=ext4 panic=10 rootwait fixrtc
[dmesg] 2026-04-15T18:32:54+00:00 ubuntu kernel: mempolicy: NUMA default policy overridden to 'interleave:0'
[dmesg] 2026-04-15T18:32:54+00:00 ubuntu kernel: DMA IOMMU NUMA default policy overridden to 'interleave:0'
[dmesg] 2026-04-15T18:32:54+00:00 ubuntu kernel: Unknown kernel command line parameters "fixrtc multipath=off", will be passed to user space.
[dmesg] 2026-04-15T18:32:54+00:00 ubuntu kernel: printk: log buffer data + meta data: 131072 + 557056 = 688128 bytes
[dmesg] 2026-04-15T18:32:54+00:00 ubuntu kernel: Dentry cache hash table entries: 524288 (order: 10, 4194304 bytes, linear)
[dmesg] 2026-04-15T18:32:54+00:00 ubuntu kernel: Inode-cache hash table entries: 262144 (order: 9, 2097152 bytes, linear)
[dmesg] 2026-04-15T18:32:54+00:00 ubuntu kernel: software IO TLB: area num 4.
[dmesg] 2026-04-15T18:32:54+00:00 ubuntu kernel: software IO TLB: mapped [mem 0x0000000037400000-0x000000003b400000] (64MB)
[dmesg] 2026-04-15T18:32:54+00:00 ubuntu kernel: Fallback order for Node 0: 0 
[dmesg] 2026-04-15T18:32:54+00:00 ubuntu kernel: Built 1 zonelists, mobility grouping on.  Total pages: 1012736
[dmesg] 2026-04-15T18:32:54+00:00 ubuntu kernel: Policy zone: DMA32
[dmesg] 2026-04-15T18:32:54+00:00 ubuntu kernel: mem auto-init: stack:all(zero), heap alloc:off, heap free:off
[dmesg] 2026-04-15T18:32:54+00:00 ubuntu kernel: SLUB: HWalign=64, Order=0-3, MinObjects=0, CPUs=4, Nodes=1
[dmesg] 2026-04-15T18:32:54+00:00 ubuntu kernel: ftrace: allocating 51319 entries in 202 pages
[dmesg] 2026-04-15T18:32:54+00:00 ubuntu kernel: ftrace: allocated 202 pages with 4 groups
[dmesg] 2026-04-15T18:32:54+00:00 ubuntu kernel: Dynamic Preempt: lazy
[dmesg] 2026-04-15T18:32:54+00:00 ubuntu kernel: rcu: Preemptible hierarchical RCU implementation.
[dmesg] 2026-04-15T18:32:54+00:00 ubuntu kernel: rcu:         RCU restricting CPUs from NR_CPUS=16 to nr_cpu_ids=4.
[dmesg] 2026-04-15T18:32:54+00:00 ubuntu kernel:         Trampoline variant of Tasks RCU enabled.
[dmesg] 2026-04-15T18:32:54+00:00 ubuntu kernel:         Rude variant of Tasks RCU enabled.
[dmesg] 2026-04-15T18:32:54+00:00 ubuntu kernel:         Tracing variant of Tasks RCU enabled.
[dmesg] 2026-04-15T18:32:54+00:00 ubuntu kernel: rcu: RCU calculated value of scheduler-enlistment delay is 100 jiffies.
[dmesg] 2026-04-15T18:32:54+00:00 ubuntu kernel: rcu: Adjusting geometry for rcu_fanout_leaf=16, nr_cpu_ids=4
[dmesg] 2026-04-15T18:32:54+00:00 ubuntu kernel: RCU Tasks: Setting shift to 2 and lim to 1 rcu_task_cb_adjust=1 rcu_task_cpu_ids=4.
[dmesg] 2026-04-15T18:32:54+00:00 ubuntu kernel: RCU Tasks Rude: Setting shift to 2 and lim to 1 rcu_task_cb_adjust=1 rcu_task_cpu_ids=4.
[dmesg] 2026-04-15T18:32:54+00:00 ubuntu kernel: NR_IRQS: 64, nr_irqs: 64, preallocated irqs: 0
[dmesg] 2026-04-15T18:32:54+00:00 ubuntu kernel: Root IRQ handler: gic_handle_irq
[dmesg] 2026-04-15T18:32:54+00:00 ubuntu kernel: GIC: Using split EOI/Deactivate mode
[dmesg] 2026-04-15T18:32:54+00:00 ubuntu kernel: rcu: srcu_init: Setting srcu_struct sizes based on contention.
[dmesg] 2026-04-15T18:32:54+00:00 ubuntu kernel: arch_timer: cp15 timer running at 54.00MHz (phys).
[dmesg] 2026-04-15T18:32:54+00:00 ubuntu kernel: clocksource: arch_sys_counter: mask: 0xffffffffffffff max_cycles: 0xc743ce346, max_idle_ns: 440795203123 ns
[dmesg] 2026-04-15T18:32:54+00:00 ubuntu kernel: sched_clock: 56 bits at 54MHz, resolution 18ns, wraps every 4398046511102ns
[dmesg] 2026-04-15T18:32:54+00:00 ubuntu kernel: Console: colour dummy device 80x25
[dmesg] 2026-04-15T18:32:54+00:00 ubuntu kernel: printk: legacy console [tty1] enabled
[dmesg] 2026-04-15T18:32:54+00:00 ubuntu kernel: Calibrating delay loop (skipped), value calculated using timer frequency.. 108.00 BogoMIPS (lpj=54000)
[dmesg] 2026-04-15T18:32:54+00:00 ubuntu kernel: pid_max: default: 32768 minimum: 301
[dmesg] 2026-04-15T18:32:54+00:00 ubuntu kernel: landlock: Up and running.
[dmesg] 2026-04-15T18:32:54+00:00 ubuntu kernel: Yama: becoming mindful.
[dmesg] 2026-04-15T18:32:54+00:00 ubuntu kernel: AppArmor: AppArmor initialized
[dmesg] 2026-04-15T18:32:54+00:00 ubuntu kernel: AppArmor: AppArmor secmark mediation reserved: ready to be enabled
[dmesg] 2026-04-15T18:32:54+00:00 ubuntu kernel: Mount-cache hash table entries: 8192 (order: 4, 65536 bytes, linear)
[dmesg] 2026-04-15T18:32:54+00:00 ubuntu kernel: Mountpoint-cache hash table entries: 8192 (order: 4, 65536 bytes, linear)
[dmesg] 2026-04-15T18:32:54+00:00 ubuntu kernel: VFS: Finished mounting rootfs on nullfs
[dmesg] 2026-04-15T18:32:54+00:00 ubuntu kernel: rcu: Hierarchical SRCU implementation.
[dmesg] 2026-04-15T18:32:54+00:00 ubuntu kernel: rcu:         Max phase no-delay instances is 400.
[dmesg] 2026-04-15T18:32:54+00:00 ubuntu kernel: Timer migration: 1 hierarchy levels; 8 children per group; 1 crossnode level
[dmesg] 2026-04-15T18:32:54+00:00 ubuntu kernel: EFI services will not be available.
[dmesg] 2026-04-15T18:32:54+00:00 ubuntu kernel: smp: Bringing up secondary CPUs ...
[dmesg] 2026-04-15T18:32:54+00:00 ubuntu kernel: Detected PIPT I-cache on CPU1
[dmesg] 2026-04-15T18:32:54+00:00 ubuntu kernel: CPU1: Booted secondary processor 0x0000000001 [0x410fd083]
[dmesg] 2026-04-15T18:32:54+00:00 ubuntu kernel: Detected PIPT I-cache on CPU2
[dmesg] 2026-04-15T18:32:54+00:00 ubuntu kernel: CPU2: Booted secondary processor 0x0000000002 [0x410fd083]
[dmesg] 2026-04-15T18:32:54+00:00 ubuntu kernel: Detected PIPT I-cache on CPU3
[dmesg] 2026-04-15T18:32:54+00:00 ubuntu kernel: CPU3: Booted secondary processor 0x0000000003 [0x410fd083]
[dmesg] 2026-04-15T18:32:54+00:00 ubuntu kernel: smp: Brought up 1 node, 4 CPUs
[dmesg] 2026-04-15T18:32:54+00:00 ubuntu kernel: SMP: Total of 4 processors activated.
[dmesg] 2026-04-15T18:32:54+00:00 ubuntu kernel: CPU: All CPU(s) started at EL2
[dmesg] 2026-04-15T18:32:54+00:00 ubuntu kernel: CPU features: detected: 32-bit EL0 Support
[dmesg] 2026-04-15T18:32:54+00:00 ubuntu kernel: CPU features: detected: 32-bit EL1 Support
[dmesg] 2026-04-15T18:32:54+00:00 ubuntu kernel: CPU features: detected: CRC32 instructions
[dmesg] 2026-04-15T18:32:54+00:00 ubuntu kernel: CPU features: detected: PMUv3
[dmesg] 2026-04-15T18:32:54+00:00 ubuntu kernel: alternatives: applying system-wide alternatives
[dmesg] 2026-04-15T18:32:54+00:00 ubuntu kernel: CPU features: emulated: Privileged Access Never (PAN) using TTBR0_EL1 switching
[dmesg] 2026-04-15T18:32:54+00:00 ubuntu kernel: Memory: 3263512K/4050944K available (18240K kernel code, 3122K rwdata, 11780K rodata, 8000K init, 707K bss, 255936K reserved, 524288K cma-reserved)
[dmesg] 2026-04-15T18:32:54+00:00 ubuntu kernel: devtmpfs: initialized
[dmesg] 2026-04-15T18:32:54+00:00 ubuntu kernel: Enabled cp15_barrier support
[dmesg] 2026-04-15T18:32:54+00:00 ubuntu kernel: Enabled setend support
[dmesg] 2026-04-15T18:32:54+00:00 ubuntu kernel: clocksource: jiffies: mask: 0xffffffff max_cycles: 0xffffffff, max_idle_ns: 1911260446275000 ns
[dmesg] 2026-04-15T18:32:54+00:00 ubuntu kernel: posixtimers hash table entries: 2048 (order: 3, 32768 bytes, linear)
[dmesg] 2026-04-15T18:32:54+00:00 ubuntu kernel: futex hash table entries: 1024 (65536 bytes on 1 NUMA nodes, total 64 KiB, linear).
[dmesg] 2026-04-15T18:32:54+00:00 ubuntu kernel: 2G module region forced by RANDOMIZE_MODULE_REGION_FULL
[dmesg] 2026-04-15T18:32:54+00:00 ubuntu kernel: 0 pages in range for non-PLT usage
[dmesg] 2026-04-15T18:32:54+00:00 ubuntu kernel: 513776 pages in range for PLT usage
[dmesg] 2026-04-15T18:32:54+00:00 ubuntu kernel: DMI not present or invalid.
[dmesg] 2026-04-15T18:32:54+00:00 ubuntu kernel: NET: Registered PF_NETLINK/PF_ROUTE protocol family
[dmesg] 2026-04-15T18:32:54+00:00 ubuntu kernel: DMA: preallocated 1024 KiB GFP_KERNEL|GFP_DMA pool for atomic allocations
[dmesg] 2026-04-15T18:32:54+00:00 ubuntu kernel: DMA: preallocated 1024 KiB GFP_KERNEL|GFP_DMA32 pool for atomic allocations
[dmesg] 2026-04-15T18:32:54+00:00 ubuntu kernel: audit: initializing netlink subsys (disabled)
[dmesg] 2026-04-15T18:32:54+00:00 ubuntu kernel: audit: type=2000 audit(0.024:1): state=initialized audit_enabled=0 res=1
[dmesg] 2026-04-15T18:32:54+00:00 ubuntu kernel: thermal_sys: Registered thermal governor 'fair_share'
[dmesg] 2026-04-15T18:32:54+00:00 ubuntu kernel: thermal_sys: Registered thermal governor 'bang_bang'
[dmesg] 2026-04-15T18:32:54+00:00 ubuntu kernel: thermal_sys: Registered thermal governor 'step_wise'
[dmesg] 2026-04-15T18:32:54+00:00 ubuntu kernel: thermal_sys: Registered thermal governor 'user_space'
[dmesg] 2026-04-15T18:32:54+00:00 ubuntu kernel: cpuidle: using governor ladder
[dmesg] 2026-04-15T18:32:54+00:00 ubuntu kernel: cpuidle: using governor menu
[dmesg] 2026-04-15T18:32:54+00:00 ubuntu kernel: hw-breakpoint: found 6 breakpoint and 4 watchpoint registers.
[dmesg] 2026-04-15T18:32:54+00:00 ubuntu kernel: ASID allocator initialised with 32768 entries
[dmesg] 2026-04-15T18:32:54+00:00 ubuntu kernel: Serial: AMBA PL011 UART driver
[dmesg] 2026-04-15T18:32:54+00:00 ubuntu kernel: /soc/interrupt-controller@40041000: Fixed dependency cycle(s) with /soc/interrupt-controller@40041000
[dmesg] 2026-04-15T18:32:54+00:00 ubuntu kernel: bcm2835-mbox fe00b880.mailbox: mailbox enabled
[dmesg] 2026-04-15T18:32:54+00:00 ubuntu kernel: raspberrypi-firmware soc:firmware: Attached to firmware from 2026-02-11T18:28:41, variant start
[dmesg] 2026-04-15T18:32:54+00:00 ubuntu kernel: raspberrypi-firmware soc:firmware: Firmware hash is ce768004a1c9657e60b33b0cc413d8e07320cb0d
[dmesg] 2026-04-15T18:32:54+00:00 ubuntu kernel: /scb-bus@fc000000/pcie@7d500000: Fixed dependency cycle(s) with /scb-bus@fc000000/pcie@7d500000
[dmesg] 2026-04-15T18:32:54+00:00 ubuntu kernel: /scb-bus@fc000000/pcie@7d500000: Fixed dependency cycle(s) with /scb-bus@fc000000/pcie@7d500000
[dmesg] 2026-04-15T18:32:54+00:00 ubuntu kernel: HugeTLB: registered 1.00 GiB page size, pre-allocated 0 pages
[dmesg] 2026-04-15T18:32:54+00:00 ubuntu kernel: HugeTLB: 0 KiB vmemmap can be freed for a 1.00 GiB page
[dmesg] 2026-04-15T18:32:54+00:00 ubuntu kernel: HugeTLB: registered 32.0 MiB page size, pre-allocated 0 pages
[dmesg] 2026-04-15T18:32:54+00:00 ubuntu kernel: HugeTLB: 0 KiB vmemmap can be freed for a 32.0 MiB page
[dmesg] 2026-04-15T18:32:54+00:00 ubuntu kernel: HugeTLB: registered 2.00 MiB page size, pre-allocated 0 pages
[dmesg] 2026-04-15T18:32:54+00:00 ubuntu kernel: HugeTLB: 0 KiB vmemmap can be freed for a 2.00 MiB page
[dmesg] 2026-04-15T18:32:54+00:00 ubuntu kernel: HugeTLB: registered 64.0 KiB page size, pre-allocated 0 pages
[dmesg] 2026-04-15T18:32:54+00:00 ubuntu kernel: HugeTLB: 0 KiB vmemmap can be freed for a 64.0 KiB page
[dmesg] 2026-04-15T18:32:54+00:00 ubuntu kernel: bcm2835-dma fe007000.dma-controller: DMA legacy API manager, dmachans=0x1
[dmesg] 2026-04-15T18:32:54+00:00 ubuntu kernel: iommu: Default domain type: Translated
[dmesg] 2026-04-15T18:32:54+00:00 ubuntu kernel: iommu: DMA domain TLB invalidation policy: strict mode
[dmesg] 2026-04-15T18:32:54+00:00 ubuntu kernel: SCSI subsystem initialized
[dmesg] 2026-04-15T18:32:54+00:00 ubuntu kernel: usbcore: registered new interface driver usbfs
[dmesg] 2026-04-15T18:32:54+00:00 ubuntu kernel: usbcore: registered new interface driver hub
[dmesg] 2026-04-15T18:32:54+00:00 ubuntu kernel: usbcore: registered new device driver usb
[dmesg] 2026-04-15T18:32:54+00:00 ubuntu kernel: pps_core: LinuxPPS API ver. 1 registered
[dmesg] 2026-04-15T18:32:54+00:00 ubuntu kernel: pps_core: Software ver. 5.3.6 - Copyright 2005-2007 Rodolfo Giometti <giometti@linux.it>
[dmesg] 2026-04-15T18:32:54+00:00 ubuntu kernel: PTP clock support registered
[dmesg] 2026-04-15T18:32:54+00:00 ubuntu kernel: EDAC MC: Ver: 3.0.0
[dmesg] 2026-04-15T18:32:54+00:00 ubuntu kernel: NetLabel: Initializing
[dmesg] 2026-04-15T18:32:54+00:00 ubuntu kernel: NetLabel:  domain hash size = 128
[dmesg] 2026-04-15T18:32:54+00:00 ubuntu kernel: NetLabel:  protocols = UNLABELED CIPSOv4 CALIPSO
[dmesg] 2026-04-15T18:32:54+00:00 ubuntu kernel: NetLabel:  unlabeled traffic allowed by default
[dmesg] 2026-04-15T18:32:54+00:00 ubuntu kernel: vgaarb: loaded
[dmesg] 2026-04-15T18:32:54+00:00 ubuntu kernel: clocksource: Switched to clocksource arch_sys_counter
[dmesg] 2026-04-15T18:32:54+00:00 ubuntu kernel: VFS: Disk quotas dquot_6.6.0
[dmesg] 2026-04-15T18:32:54+00:00 ubuntu kernel: VFS: Dquot-cache hash table entries: 512 (order 0, 4096 bytes)
[dmesg] 2026-04-15T18:32:54+00:00 ubuntu kernel: AppArmor: AppArmor Filesystem Enabled
[dmesg] 2026-04-15T18:32:54+00:00 ubuntu kernel: NET: Registered PF_INET protocol family
[dmesg] 2026-04-15T18:32:54+00:00 ubuntu kernel: IP idents hash table entries: 65536 (order: 7, 524288 bytes, linear)
[dmesg] 2026-04-15T18:32:54+00:00 ubuntu kernel: tcp_listen_portaddr_hash hash table entries: 2048 (order: 3, 32768 bytes, linear)
[dmesg] 2026-04-15T18:32:54+00:00 ubuntu kernel: Table-perturb hash table entries: 65536 (order: 6, 262144 bytes, linear)
[dmesg] 2026-04-15T18:32:54+00:00 ubuntu kernel: TCP established hash table entries: 32768 (order: 6, 262144 bytes, linear)
[dmesg] 2026-04-15T18:32:54+00:00 ubuntu kernel: TCP bind hash table entries: 32768 (order: 8, 1048576 bytes, linear)
[dmesg] 2026-04-15T18:32:54+00:00 ubuntu kernel: TCP: Hash tables configured (established 32768 bind 32768)
[dmesg] 2026-04-15T18:32:54+00:00 ubuntu kernel: MPTCP token hash table entries: 4096 (order: 5, 98304 bytes, linear)
[dmesg] 2026-04-15T18:32:54+00:00 ubuntu kernel: UDP hash table entries: 2048 (order: 5, 131072 bytes, linear)
[dmesg] 2026-04-15T18:32:54+00:00 ubuntu kernel: UDP-Lite hash table entries: 2048 (order: 5, 131072 bytes, linear)
[dmesg] 2026-04-15T18:32:54+00:00 ubuntu kernel: NET: Registered PF_UNIX/PF_LOCAL protocol family
[dmesg] 2026-04-15T18:32:54+00:00 ubuntu kernel: NET: Registered PF_XDP protocol family
[dmesg] 2026-04-15T18:32:54+00:00 ubuntu kernel: PCI: CLS 0 bytes, default 64
[dmesg] 2026-04-15T18:32:54+00:00 ubuntu kernel: Trying to unpack rootfs image as initramfs...
[dmesg] 2026-04-15T18:32:54+00:00 ubuntu kernel: kvm [1]: nv: 570 coarse grained trap handlers
[dmesg] 2026-04-15T18:32:54+00:00 ubuntu kernel: kvm [1]: nv: 664 fine grained trap handlers
[dmesg] 2026-04-15T18:32:54+00:00 ubuntu kernel: kvm [1]: IPA Size Limit: 44 bits
[dmesg] 2026-04-15T18:32:54+00:00 ubuntu kernel: kvm [1]: vgic interrupt IRQ9
[dmesg] 2026-04-15T18:32:54+00:00 ubuntu kernel: kvm [1]: Hyp nVHE mode initialized successfully
[dmesg] 2026-04-15T18:32:54+00:00 ubuntu kernel: Initialise system trusted keyrings
[dmesg] 2026-04-15T18:32:54+00:00 ubuntu kernel: Key type blacklist registered
[dmesg] 2026-04-15T18:32:54+00:00 ubuntu kernel: workingset: timestamp_bits=40 max_order=20 bucket_order=0
[dmesg] 2026-04-15T18:32:54+00:00 ubuntu kernel: squashfs: version 4.0 (2009/01/31) Phillip Lougher
[dmesg] 2026-04-15T18:32:54+00:00 ubuntu kernel: Key type asymmetric registered
[dmesg] 2026-04-15T18:32:54+00:00 ubuntu kernel: Asymmetric key parser 'x509' registered
[dmesg] 2026-04-15T18:32:54+00:00 ubuntu kernel: Block layer SCSI generic (bsg) driver version 0.4 loaded (major 245)
[dmesg] 2026-04-15T18:32:54+00:00 ubuntu kernel: io scheduler mq-deadline registered
[dmesg] 2026-04-15T18:32:54+00:00 ubuntu kernel: irq_brcmstb_l2: registered L2 intc (/soc/interrupt-controller@7ef00100, parent irq: 23)
[dmesg] 2026-04-15T18:32:54+00:00 ubuntu kernel: pinctrl-bcm2835 fe200000.gpio: GPIO_OUT persistence: yes
[dmesg] 2026-04-15T18:32:54+00:00 ubuntu kernel: Freeing initrd memory: 66640K
[dmesg] 2026-04-15T18:32:54+00:00 ubuntu kernel: ledtrig-cpu: registered to indicate activity on CPUs
[dmesg] 2026-04-15T18:32:54+00:00 ubuntu kernel: brcm-pcie fd500000.pcie: host bridge /scb-bus@fc000000/pcie@7d500000 ranges:
[dmesg] 2026-04-15T18:32:54+00:00 ubuntu kernel: brcm-pcie fd500000.pcie:      MEM 0x0600000000..0x063fffffff -> 0x00c0000000
[dmesg] 2026-04-15T18:32:54+00:00 ubuntu kernel: brcm-pcie fd500000.pcie:   IB MEM 0x0000000000..0x00bfffffff -> 0x0400000000
[dmesg] 2026-04-15T18:32:54+00:00 ubuntu kernel: brcm-pcie fd500000.pcie: PCI host bridge to bus 0000:00
[dmesg] 2026-04-15T18:32:54+00:00 ubuntu kernel: pci_bus 0000:00: root bus resource [bus 00-ff]
[dmesg] 2026-04-15T18:32:54+00:00 ubuntu kernel: pci_bus 0000:00: root bus resource [mem 0x600000000-0x63fffffff] (bus address [0xc0000000-0xffffffff])
[dmesg] 2026-04-15T18:32:54+00:00 ubuntu kernel: pci 0000:00:00.0: [14e4:2711] type 01 class 0x060400 PCIe Root Port
[dmesg] 2026-04-15T18:32:54+00:00 ubuntu kernel: pci 0000:00:00.0: PCI bridge to [bus 00]
[dmesg] 2026-04-15T18:32:54+00:00 ubuntu kernel: pci 0000:00:00.0:   bridge window [mem 0x80000000-0xbfffffff]
[dmesg] 2026-04-15T18:32:54+00:00 ubuntu kernel: pci 0000:00:00.0: PME# supported from D0 D3hot
[dmesg] 2026-04-15T18:32:54+00:00 ubuntu kernel: pci 0000:00:00.0: bridge configuration invalid ([bus 00-00]), reconfiguring
[dmesg] 2026-04-15T18:32:54+00:00 ubuntu kernel: pci_bus 0000:01: supply vpcie3v3 not found, using dummy regulator
[dmesg] 2026-04-15T18:32:54+00:00 ubuntu kernel: pci_bus 0000:01: supply vpcie3v3aux not found, using dummy regulator
[dmesg] 2026-04-15T18:32:54+00:00 ubuntu kernel: pci_bus 0000:01: supply vpcie12v not found, using dummy regulator
[dmesg] 2026-04-15T18:32:54+00:00 ubuntu kernel: brcm-pcie fd500000.pcie: clkreq-mode set to default
[dmesg] 2026-04-15T18:32:54+00:00 ubuntu kernel: brcm-pcie fd500000.pcie: link up, 5.0 GT/s PCIe x1 (SSC)
[dmesg] 2026-04-15T18:32:54+00:00 ubuntu kernel: pci 0000:01:00.0: [1106:3483] type 00 class 0x0c0330 PCIe Endpoint
[dmesg] 2026-04-15T18:32:54+00:00 ubuntu kernel: pci 0000:01:00.0: BAR 0 [mem 0x00000000-0x00000fff 64bit]
[dmesg] 2026-04-15T18:32:54+00:00 ubuntu kernel: pci 0000:01:00.0: ASPM: VL805 fixup applied
[dmesg] 2026-04-15T18:32:54+00:00 ubuntu kernel: pci 0000:01:00.0: PME# supported from D0 D3cold
[dmesg] 2026-04-15T18:32:54+00:00 ubuntu kernel: pci 0000:01:00.0: ASPM: default states L0s L1
[dmesg] 2026-04-15T18:32:54+00:00 ubuntu kernel: pci_bus 0000:01: busn_res: [bus 01-ff] end is updated to 01
[dmesg] 2026-04-15T18:32:54+00:00 ubuntu kernel: pci 0000:00:00.0: bridge window [mem 0x600000000-0x6000fffff]: assigned
[dmesg] 2026-04-15T18:32:54+00:00 ubuntu kernel: pci 0000:01:00.0: BAR 0 [mem 0x600000000-0x600000fff 64bit]: assigned
[dmesg] 2026-04-15T18:32:54+00:00 ubuntu kernel: pci 0000:00:00.0: PCI bridge to [bus 01]
[dmesg] 2026-04-15T18:32:54+00:00 ubuntu kernel: pci 0000:00:00.0:   bridge window [mem 0x600000000-0x6000fffff]
[dmesg] 2026-04-15T18:32:54+00:00 ubuntu kernel: pci_bus 0000:00: resource 4 [mem 0x600000000-0x63fffffff]
[dmesg] 2026-04-15T18:32:54+00:00 ubuntu kernel: pci_bus 0000:01: resource 1 [mem 0x600000000-0x6000fffff]
[dmesg] 2026-04-15T18:32:54+00:00 ubuntu kernel: pcieport 0000:00:00.0: enabling device (0000 -> 0002)
[dmesg] 2026-04-15T18:32:54+00:00 ubuntu kernel: pcieport 0000:00:00.0: PME: Signaling with IRQ 27
[dmesg] 2026-04-15T18:32:54+00:00 ubuntu kernel: pcieport 0000:00:00.0: AER: enabled with IRQ 27
[dmesg] 2026-04-15T18:32:54+00:00 ubuntu kernel: simple-framebuffer 3e3cf000.framebuffer: framebuffer at 0x3e3cf000, 0x7f8000 bytes
[dmesg] 2026-04-15T18:32:54+00:00 ubuntu kernel: simple-framebuffer 3e3cf000.framebuffer: format=a8r8g8b8, mode=1920x1080x32, linelength=7680
[dmesg] 2026-04-15T18:32:54+00:00 ubuntu kernel: Console: switching to colour frame buffer device 240x67
[dmesg] 2026-04-15T18:32:54+00:00 ubuntu kernel: simple-framebuffer 3e3cf000.framebuffer: fb0: simplefb registered!
[dmesg] 2026-04-15T18:32:54+00:00 ubuntu kernel: Serial: 8250/16550 driver, 1 ports, IRQ sharing enabled
[dmesg] 2026-04-15T18:32:54+00:00 ubuntu kernel: bcm2835-aux-uart fe215040.serial: there is not valid maps for state default
[dmesg] 2026-04-15T18:32:54+00:00 ubuntu kernel: printk: legacy console [ttyS0] disabled
[dmesg] 2026-04-15T18:32:54+00:00 ubuntu kernel: fe215040.serial: ttyS0 at MMIO 0xfe215040 (irq = 28, base_baud = 62500000) is a 16550
[dmesg] 2026-04-15T18:32:54+00:00 ubuntu kernel: printk: legacy console [ttyS0] enabled
[dmesg] 2026-04-15T18:32:54+00:00 ubuntu kernel: iproc-rng200 fe104000.rng: hwrng registered
[dmesg] 2026-04-15T18:32:54+00:00 ubuntu kernel: vc-mem: phys_addr:0x00000000 mem_base=0x3ec00000 mem_size:0x40000000(1024 MiB)
[dmesg] 2026-04-15T18:32:54+00:00 ubuntu kernel: loop: module loaded
[dmesg] 2026-04-15T18:32:54+00:00 ubuntu kernel: bcm2835-power bcm2835-power: Broadcom BCM2835 power domains driver
[dmesg] 2026-04-15T18:32:54+00:00 ubuntu kernel: bcmgenet fd580000.ethernet: GENET 5.0 EPHY: 0x0000
[dmesg] 2026-04-15T18:32:54+00:00 ubuntu kernel: unimac-mdio unimac-mdio.-19: Broadcom UniMAC MDIO bus
[dmesg] 2026-04-15T18:32:54+00:00 ubuntu kernel: usbcore: registered new interface driver lan78xx
[dmesg] 2026-04-15T18:32:54+00:00 ubuntu kernel: usbcore: registered new interface driver smsc95xx
[dmesg] 2026-04-15T18:32:54+00:00 ubuntu kernel: xhci_hcd 0000:01:00.0: enabling device (0000 -> 0002)
[dmesg] 2026-04-15T18:32:54+00:00 ubuntu kernel: xhci_hcd 0000:01:00.0: xHCI Host Controller
[dmesg] 2026-04-15T18:32:54+00:00 ubuntu kernel: xhci_hcd 0000:01:00.0: new USB bus registered, assigned bus number 1
[dmesg] 2026-04-15T18:32:54+00:00 ubuntu kernel: xhci_hcd 0000:01:00.0: hcc params 0x002841eb hci version 0x100 quirks 0x0300240000000890
[dmesg] 2026-04-15T18:32:54+00:00 ubuntu kernel: xhci_hcd 0000:01:00.0: xHCI Host Controller
[dmesg] 2026-04-15T18:32:54+00:00 ubuntu kernel: xhci_hcd 0000:01:00.0: new USB bus registered, assigned bus number 2
[dmesg] 2026-04-15T18:32:54+00:00 ubuntu kernel: xhci_hcd 0000:01:00.0: Host supports USB 3.0 SuperSpeed
[dmesg] 2026-04-15T18:32:54+00:00 ubuntu kernel: usb usb1: New USB device found, idVendor=1d6b, idProduct=0002, bcdDevice= 7.00
[dmesg] 2026-04-15T18:32:54+00:00 ubuntu kernel: usb usb1: New USB device strings: Mfr=3, Product=2, SerialNumber=1
[dmesg] 2026-04-15T18:32:54+00:00 ubuntu kernel: usb usb1: Product: xHCI Host Controller
[dmesg] 2026-04-15T18:32:54+00:00 ubuntu kernel: usb usb1: Manufacturer: Linux 7.0.0-1009-raspi xhci-hcd
[dmesg] 2026-04-15T18:32:54+00:00 ubuntu kernel: usb usb1: SerialNumber: 0000:01:00.0
[dmesg] 2026-04-15T18:32:54+00:00 ubuntu kernel: hub 1-0:1.0: USB hub found
[dmesg] 2026-04-15T18:32:54+00:00 ubuntu kernel: hub 1-0:1.0: 1 port detected
[dmesg] 2026-04-15T18:32:54+00:00 ubuntu kernel: usb usb2: New USB device found, idVendor=1d6b, idProduct=0003, bcdDevice= 7.00
[dmesg] 2026-04-15T18:32:54+00:00 ubuntu kernel: usb usb2: New USB device strings: Mfr=3, Product=2, SerialNumber=1
[dmesg] 2026-04-15T18:32:54+00:00 ubuntu kernel: usb usb2: Product: xHCI Host Controller
[dmesg] 2026-04-15T18:32:54+00:00 ubuntu kernel: usb usb2: Manufacturer: Linux 7.0.0-1009-raspi xhci-hcd
[dmesg] 2026-04-15T18:32:54+00:00 ubuntu kernel: usb usb2: SerialNumber: 0000:01:00.0
[dmesg] 2026-04-15T18:32:54+00:00 ubuntu kernel: hub 2-0:1.0: USB hub found
[dmesg] 2026-04-15T18:32:54+00:00 ubuntu kernel: hub 2-0:1.0: 4 ports detected
[dmesg] 2026-04-15T18:32:54+00:00 ubuntu kernel: mousedev: PS/2 mouse device common for all mice
[dmesg] 2026-04-15T18:32:54+00:00 ubuntu kernel: i2c_dev: i2c /dev entries driver
[dmesg] 2026-04-15T18:32:54+00:00 ubuntu kernel: bcm2835-wdt bcm2835-wdt: Broadcom BCM2835 watchdog timer
[dmesg] 2026-04-15T18:32:54+00:00 ubuntu kernel: sdhci: Secure Digital Host Controller Interface driver
[dmesg] 2026-04-15T18:32:54+00:00 ubuntu kernel: sdhci: Copyright(c) Pierre Ossman
[dmesg] 2026-04-15T18:32:54+00:00 ubuntu kernel: sdhci-pltfm: SDHCI platform and OF driver helper
[dmesg] 2026-04-15T18:32:54+00:00 ubuntu kernel: hid: raw HID events driver (C) Jiri Kosina
[dmesg] 2026-04-15T18:32:54+00:00 ubuntu kernel: hw perfevents: enabled with armv8_cortex_a72 PMU driver, 7 (0,8000003f) counters available
[dmesg] 2026-04-15T18:32:54+00:00 ubuntu kernel: NET: Registered PF_INET6 protocol family
[dmesg] 2026-04-15T18:32:54+00:00 ubuntu kernel: Segment Routing with IPv6
[dmesg] 2026-04-15T18:32:54+00:00 ubuntu kernel: In-situ OAM (IOAM) with IPv6
[dmesg] 2026-04-15T18:32:54+00:00 ubuntu kernel: mmc1: SDHCI controller on fe300000.mmcnr [fe300000.mmcnr] using PIO
[dmesg] 2026-04-15T18:32:54+00:00 ubuntu kernel: NET: Registered PF_PACKET protocol family
[dmesg] 2026-04-15T18:32:54+00:00 ubuntu kernel: Key type dns_resolver registered
[dmesg] 2026-04-15T18:32:54+00:00 ubuntu kernel: registered taskstats version 1
[dmesg] 2026-04-15T18:32:54+00:00 ubuntu kernel: Loading compiled-in X.509 certificates
[dmesg] 2026-04-15T18:32:54+00:00 ubuntu kernel: Loaded X.509 cert 'Build time autogenerated kernel key: 89e67171049a83fb500e2124fa828623e3bb4ca8'
[dmesg] 2026-04-15T18:32:54+00:00 ubuntu kernel: Loaded X.509 cert 'Canonical Ltd. Live Patch Signing 2025 Kmod: d541cef61dc7e793b7eb7e899970a2eef0b5dc8c'
[dmesg] 2026-04-15T18:32:54+00:00 ubuntu kernel: Loaded X.509 cert 'Canonical Ltd. Live Patch Signing: 14df34d1a87cf37625abec039ef2bf521249b969'
[dmesg] 2026-04-15T18:32:54+00:00 ubuntu kernel: Loaded X.509 cert 'Canonical Ltd. Kernel Module Signing 2025 Kmod: 4627603d2357a2a3f81006370894c221175893e9'
[dmesg] 2026-04-15T18:32:54+00:00 ubuntu kernel: Loaded X.509 cert 'Canonical Ltd. Kernel Module Signing: 88f752e560a1e0737e31163a466ad7b70a850c19'
[dmesg] 2026-04-15T18:32:54+00:00 ubuntu kernel: blacklist: Loading compiled-in revocation X.509 certificates
[dmesg] 2026-04-15T18:32:54+00:00 ubuntu kernel: mmc1: new high speed SDIO card at address 0001
[dmesg] 2026-04-15T18:32:54+00:00 ubuntu kernel: Loaded X.509 cert 'Canonical Ltd. Secure Boot Signing: 61482aa2830d0ab2ad5af10b7250da9033ddcef0'
[dmesg] 2026-04-15T18:32:54+00:00 ubuntu kernel: Loaded X.509 cert 'Canonical Ltd. Secure Boot Signing (2017): 242ade75ac4a15e50d50c84b0d45ff3eae707a03'
[dmesg] 2026-04-15T18:32:54+00:00 ubuntu kernel: usb 1-1: new high-speed USB device number 2 using xhci_hcd
[dmesg] 2026-04-15T18:32:54+00:00 ubuntu kernel: Loaded X.509 cert 'Canonical Ltd. Secure Boot Signing (ESM 2018): 365188c1d374d6b07c3c8f240f8ef722433d6a8b'
[dmesg] 2026-04-15T18:32:54+00:00 ubuntu kernel: Loaded X.509 cert 'Canonical Ltd. Secure Boot Signing (2019): c0746fd6c5da3ae827864651ad66ae47fe24b3e8'
[dmesg] 2026-04-15T18:32:54+00:00 ubuntu kernel: Loaded X.509 cert 'Canonical Ltd. Secure Boot Signing (2021 v1): a8d54bbb3825cfb94fa13c9f8a594a195c107b8d'
[dmesg] 2026-04-15T18:32:54+00:00 ubuntu kernel: Loaded X.509 cert 'Canonical Ltd. Secure Boot Signing (2021 v2): 4cf046892d6fd3c9a5b03f98d845f90851dc6a8c'
[dmesg] 2026-04-15T18:32:54+00:00 ubuntu kernel: Loaded X.509 cert 'Canonical Ltd. Secure Boot Signing (2021 v3): 100437bb6de6e469b581e61cd66bce3ef4ed53af'
[dmesg] 2026-04-15T18:32:54+00:00 ubuntu kernel: Loaded X.509 cert 'Canonical Ltd. Secure Boot Signing (Ubuntu Core 2019): c1d57b8f6b743f23ee41f4f7ee292f06eecadfb9'
[dmesg] 2026-04-15T18:32:54+00:00 ubuntu kernel: Demotion targets for Node 0: null
[dmesg] 2026-04-15T18:32:54+00:00 ubuntu kernel: Key type .fscrypt registered
[dmesg] 2026-04-15T18:32:54+00:00 ubuntu kernel: Key type fscrypt-provisioning registered
[dmesg] 2026-04-15T18:32:54+00:00 ubuntu kernel: Key type big_key registered
[dmesg] 2026-04-15T18:32:54+00:00 ubuntu kernel: Key type encrypted registered
[dmesg] 2026-04-15T18:32:54+00:00 ubuntu kernel: usb 1-1: New USB device found, idVendor=2109, idProduct=3431, bcdDevice= 4.21
[dmesg] 2026-04-15T18:32:54+00:00 ubuntu kernel: AppArmor: AppArmor sha256 policy hashing enabled
[dmesg] 2026-04-15T18:32:54+00:00 ubuntu kernel: usb 1-1: New USB device strings: Mfr=0, Product=1, SerialNumber=0
[dmesg] 2026-04-15T18:32:54+00:00 ubuntu kernel: ima: No TPM chip found, activating TPM-bypass!
[dmesg] 2026-04-15T18:32:54+00:00 ubuntu kernel: usb 1-1: Product: USB2.0 Hub
[dmesg] 2026-04-15T18:32:54+00:00 ubuntu kernel: ima: Allocated hash algorithm: sha256
[dmesg] 2026-04-15T18:32:54+00:00 ubuntu kernel: ima: No architecture policies found
[dmesg] 2026-04-15T18:32:54+00:00 ubuntu kernel: evm: Initialising EVM extended attributes:
[dmesg] 2026-04-15T18:32:54+00:00 ubuntu kernel: evm: security.selinux
[dmesg] 2026-04-15T18:32:54+00:00 ubuntu kernel: evm: security.SMACK64
[dmesg] 2026-04-15T18:32:54+00:00 ubuntu kernel: hub 1-1:1.0: USB hub found
[dmesg] 2026-04-15T18:32:54+00:00 ubuntu kernel: evm: security.SMACK64EXEC
[dmesg] 2026-04-15T18:32:54+00:00 ubuntu kernel: hub 1-1:1.0: 4 ports detected
[dmesg] 2026-04-15T18:32:54+00:00 ubuntu kernel: evm: security.SMACK64TRANSMUTE
[dmesg] 2026-04-15T18:32:54+00:00 ubuntu kernel: evm: security.SMACK64MMAP
[dmesg] 2026-04-15T18:32:54+00:00 ubuntu kernel: evm: security.apparmor
[dmesg] 2026-04-15T18:32:54+00:00 ubuntu kernel: evm: security.ima
[dmesg] 2026-04-15T18:32:54+00:00 ubuntu kernel: evm: security.capability
[dmesg] 2026-04-15T18:32:54+00:00 ubuntu kernel: evm: HMAC attrs: 0x1
[dmesg] 2026-04-15T18:32:54+00:00 ubuntu kernel: uart-pl011 fe201000.serial: there is not valid maps for state default
[dmesg] 2026-04-15T18:32:54+00:00 ubuntu kernel: uart-pl011 fe201000.serial: cts_event_workaround enabled
[dmesg] 2026-04-15T18:32:54+00:00 ubuntu kernel: fe201000.serial: ttyAMA1 at MMIO 0xfe201000 (irq = 41, base_baud = 0) is a PL011 rev3
[dmesg] 2026-04-15T18:32:54+00:00 ubuntu kernel: serial serial0: tty port ttyAMA1 registered
[dmesg] 2026-04-15T18:32:54+00:00 ubuntu kernel: of_cfs_init
[dmesg] 2026-04-15T18:32:54+00:00 ubuntu kernel: of_cfs_init: OK
[dmesg] 2026-04-15T18:32:54+00:00 ubuntu kernel: clk: Disabling unused clocks
[dmesg] 2026-04-15T18:32:54+00:00 ubuntu kernel: PM: genpd: Disabling unused power domains
[dmesg] 2026-04-15T18:32:54+00:00 ubuntu kernel: mmc0: SDHCI controller on fe340000.mmc [fe340000.mmc] using ADMA
[dmesg] 2026-04-15T18:32:54+00:00 ubuntu kernel: Freeing unused kernel memory: 8000K
[dmesg] 2026-04-15T18:32:54+00:00 ubuntu kernel: Checked W+X mappings: passed, no W+X pages found
[dmesg] 2026-04-15T18:32:54+00:00 ubuntu kernel: Run /init as init process
[dmesg] 2026-04-15T18:32:54+00:00 ubuntu kernel:   with arguments:
[dmesg] 2026-04-15T18:32:54+00:00 ubuntu kernel:     /init
[dmesg] 2026-04-15T18:32:54+00:00 ubuntu kernel:     fixrtc
[dmesg] 2026-04-15T18:32:54+00:00 ubuntu kernel:   with environment:
[dmesg] 2026-04-15T18:32:54+00:00 ubuntu kernel:     HOME=/
[dmesg] 2026-04-15T18:32:54+00:00 ubuntu kernel:     TERM=linux
[dmesg] 2026-04-15T18:32:54+00:00 ubuntu kernel:     multipath=off
[dmesg] 2026-04-15T18:32:54+00:00 ubuntu systemd[1]: System time advanced to built-in epoch: Wed 2026-04-15 18:32:53 UTC
[dmesg] 2026-04-15T18:32:54+00:00 ubuntu systemd[1]: Inserted module 'autofs4'
[dmesg] 2026-04-15T18:32:54+00:00 ubuntu kernel: mmc0: new UHS-I speed DDR50 SDXC card at address 59b4
[dmesg] 2026-04-15T18:32:54+00:00 ubuntu systemd[1]: Successfully made /usr/ read-only.
[dmesg] 2026-04-15T18:32:54+00:00 ubuntu systemd[1]: systemd 259.5-0ubuntu3 running in system mode (+PAM +AUDIT +SELINUX +APPARMOR +IMA +IPE +SMACK +SECCOMP +GCRYPT -GNUTLS +OPENSSL +ACL +BLKID +CURL +ELFUTILS +FIDO2 +IDN2 -IDN +KMOD +LIBCRYPTSETUP +LIBCRYPTSETUP_PLUGINS +LIBFDISK +PCRE2 +PWQUALITY +P11KIT +QRENCODE +TPM2 +BZIP2 +LZ4 +XZ +ZLIB +ZSTD +BPF_FRAMEWORK +BTF -XKBCOMMON -UTMP +SYSVINIT +LIBARCHIVE)
[dmesg] 2026-04-15T18:32:54+00:00 ubuntu kernel: usb 1-1.3: new full-speed USB device number 3 using xhci_hcd
[dmesg] 2026-04-15T18:32:54+00:00 ubuntu systemd[1]: Detected architecture arm64.
[dmesg] 2026-04-15T18:32:54+00:00 ubuntu systemd[1]: Running in initrd.
[dmesg] 2026-04-15T18:32:54+00:00 ubuntu systemd[1]: Hostname set to <ubuntu>.
[dmesg] 2026-04-15T18:32:54+00:00 ubuntu kernel: usb 1-1.3: New USB device found, idVendor=303a, idProduct=1001, bcdDevice= 1.02
[dmesg] 2026-04-15T18:32:54+00:00 ubuntu kernel: usb 1-1.3: New USB device strings: Mfr=1, Product=2, SerialNumber=3
[dmesg] 2026-04-15T18:32:54+00:00 ubuntu kernel: usb 1-1.3: Product: USB JTAG/serial debug unit
[dmesg] 2026-04-15T18:32:54+00:00 ubuntu kernel: usb 1-1.3: Manufacturer: Espressif
[dmesg] 2026-04-15T18:32:54+00:00 ubuntu kernel: usb 1-1.3: SerialNumber: 58:E6:C5:13:5B:60
[dmesg] 2026-04-15T18:32:54+00:00 ubuntu systemd[1]: bpf-restrict-fs: BPF LSM hook not enabled in the kernel, BPF LSM not supported.
[dmesg] 2026-04-15T18:32:54+00:00 ubuntu systemd[1]: Queued start job for default target initrd.target.
[dmesg] 2026-04-15T18:32:54+00:00 ubuntu systemd[1]: Started systemd-ask-password-console.path - Dispatch Password Requests to Console Directory Watch.
[dmesg] 2026-04-15T18:32:54+00:00 ubuntu systemd[1]: Expecting device dev-disk-by\x2dlabel-writable.device - /dev/disk/by-label/writable...
[dmesg] 2026-04-15T18:32:54+00:00 ubuntu systemd[1]: Reached target initrd-usr-fs.target - Initrd /usr File System.
[dmesg] 2026-04-15T18:32:54+00:00 ubuntu systemd[1]: Reached target paths.target - Path Units.
[dmesg] 2026-04-15T18:32:54+00:00 ubuntu systemd[1]: Reached target slices.target - Slice Units.
[dmesg] 2026-04-15T18:32:54+00:00 ubuntu systemd[1]: Reached target swap.target - Swaps.
[dmesg] 2026-04-15T18:32:54+00:00 ubuntu systemd[1]: Reached target timers.target - Timer Units.
[dmesg] 2026-04-15T18:32:54+00:00 ubuntu systemd[1]: Listening on systemd-journald-dev-log.socket - Journal Socket (/dev/log).
[dmesg] 2026-04-15T18:32:54+00:00 ubuntu systemd[1]: Listening on systemd-journald.socket - Journal Sockets.
[dmesg] 2026-04-15T18:32:54+00:00 ubuntu systemd[1]: Listening on systemd-networkd-resolve-hook.socket - Network Management Resolve Hook Socket.
[dmesg] 2026-04-15T18:32:54+00:00 ubuntu systemd[1]: Listening on systemd-networkd.socket - Network Management Netlink Socket.
[dmesg] 2026-04-15T18:32:54+00:00 ubuntu systemd[1]: Listening on systemd-udevd-control.socket - udev Control Socket.
[dmesg] 2026-04-15T18:32:54+00:00 ubuntu systemd[1]: Listening on systemd-udevd-kernel.socket - udev Kernel Socket.
[dmesg] 2026-04-15T18:32:54+00:00 ubuntu systemd[1]: Reached target sockets.target - Socket Units.
[dmesg] 2026-04-15T18:32:54+00:00 ubuntu systemd[1]: dracut-cmdline-ask.service - dracut ask for additional cmdline parameters skipped, no trigger condition checks were met.
[dmesg] 2026-04-15T18:32:54+00:00 ubuntu systemd[1]: Starting dracut-cmdline.service - dracut cmdline hook...
[dmesg] 2026-04-15T18:32:54+00:00 ubuntu systemd[1]: Starting kmod-static-nodes.service - Create List of Static Device Nodes...
[dmesg] 2026-04-15T18:32:54+00:00 ubuntu systemd[1]: systemd-battery-check.service - Early Battery Level Check skipped, unmet condition check ConditionDirectoryNotEmpty=/sys/class/power_supply
[dmesg] 2026-04-15T18:32:54+00:00 ubuntu systemd[1]: Starting systemd-journald.service - Journal Service...
[dmesg] 2026-04-15T18:32:54+00:00 ubuntu systemd[1]: Starting systemd-modules-load.service - Load Kernel Modules...
[dmesg] 2026-04-15T18:32:54+00:00 ubuntu systemd[1]: Starting systemd-network-generator.service - Generate Network Units from Kernel Command Line...
[dmesg] 2026-04-15T18:32:54+00:00 ubuntu systemd[1]: systemd-pcrphase-initrd.service - TPM PCR Barrier (initrd) skipped, unmet condition check ConditionSecurity=measured-uki
[dmesg] 2026-04-15T18:32:54+00:00 ubuntu systemd-journald[204]: Collecting audit messages is disabled.
[dmesg] 2026-04-15T18:32:54+00:00 ubuntu systemd[1]: Finished kmod-static-nodes.service - Create List of Static Device Nodes.
[dmesg] 2026-04-15T18:32:54+00:00 ubuntu systemd[1]: Finished systemd-modules-load.service - Load Kernel Modules.
[dmesg] 2026-04-15T18:32:54+00:00 ubuntu systemd[1]: Finished systemd-network-generator.service - Generate Network Units from Kernel Command Line.
[dmesg] 2026-04-15T18:32:54+00:00 ubuntu systemd[1]: Reached target network-pre.target - Preparation for Network.
[dmesg] 2026-04-15T18:32:54+00:00 ubuntu systemd[1]: Starting systemd-sysctl.service - Apply Kernel Variables...
[dmesg] 2026-04-15T18:32:54+00:00 ubuntu systemd[1]: Starting systemd-tmpfiles-setup-dev-early.service - Create Static Device Nodes in /dev gracefully...
[dmesg] 2026-04-15T18:32:54+00:00 ubuntu systemd[1]: Started systemd-journald.service - Journal Service.
[dmesg] 2026-04-15T18:32:55+00:00 ubuntu kernel: bcmgenet fd580000.ethernet: configuring instance for external RGMII (RX delay)
[dmesg] 2026-04-15T18:32:55+00:00 ubuntu kernel: bcmgenet fd580000.ethernet eth0: Link is Down
[dmesg] 2026-04-15T18:32:55+00:00 ubuntu kernel: dwc2 fe980000.usb: supply vusb_d not found, using dummy regulator
[dmesg] 2026-04-15T18:32:55+00:00 ubuntu kernel: dwc2 fe980000.usb: supply vusb_a not found, using dummy regulator
[dmesg] 2026-04-15T18:32:55+00:00 ubuntu kernel: brcmstb-i2c fef04500.i2c:  @97500hz registered in polling mode
[dmesg] 2026-04-15T18:32:55+00:00 ubuntu kernel: brcmstb-i2c fef09500.i2c:  @97500hz registered in polling mode
[dmesg] 2026-04-15T18:32:55+00:00 ubuntu kernel: mmcblk0: mmc0:59b4 USD00 58.9 GiB
[dmesg] 2026-04-15T18:32:55+00:00 ubuntu kernel:  mmcblk0: p1 p2
[dmesg] 2026-04-15T18:32:55+00:00 ubuntu kernel: mmcblk0: mmc0:59b4 USD00 58.9 GiB (quirks 0x40000000)
[dmesg] 2026-04-15T18:32:55+00:00 ubuntu kernel: dwc2 fe980000.usb: EPs: 8, dedicated fifos, 4080 entries in SPRAM
[dmesg] 2026-04-15T18:32:55+00:00 ubuntu kernel: dwc2 fe980000.usb: DWC OTG Controller
[dmesg] 2026-04-15T18:32:55+00:00 ubuntu kernel: dwc2 fe980000.usb: new USB bus registered, assigned bus number 3
[dmesg] 2026-04-15T18:32:55+00:00 ubuntu kernel: dwc2 fe980000.usb: irq 44, io mem 0xfe980000
[dmesg] 2026-04-15T18:32:55+00:00 ubuntu kernel: usb usb3: New USB device found, idVendor=1d6b, idProduct=0002, bcdDevice= 7.00
[dmesg] 2026-04-15T18:32:55+00:00 ubuntu kernel: usb usb3: New USB device strings: Mfr=3, Product=2, SerialNumber=1
[dmesg] 2026-04-15T18:32:55+00:00 ubuntu kernel: usb usb3: Product: DWC OTG Controller
[dmesg] 2026-04-15T18:32:55+00:00 ubuntu kernel: usb usb3: Manufacturer: Linux 7.0.0-1009-raspi dwc2_hsotg
[dmesg] 2026-04-15T18:32:55+00:00 ubuntu kernel: usb usb3: SerialNumber: fe980000.usb
[dmesg] 2026-04-15T18:32:55+00:00 ubuntu kernel: hub 3-0:1.0: USB hub found
[dmesg] 2026-04-15T18:32:55+00:00 ubuntu kernel: hub 3-0:1.0: 1 port detected
[dmesg] 2026-04-15T18:32:55+00:00 ubuntu kernel: EXT4-fs (mmcblk0p2): orphan cleanup on readonly fs
[dmesg] 2026-04-15T18:32:55+00:00 ubuntu kernel: EXT4-fs (mmcblk0p2): mounted filesystem 009c3fa3-7cad-413a-bac4-b4d45c2fbaf5 ro with ordered data mode. Quota mode: none.
[dmesg] 2026-04-15T18:32:59+00:00 ubuntu systemd-journald[204]: Received SIGTERM from PID 1 (systemd).
[dmesg] 2026-04-15T18:32:59+00:00 ubuntu systemd[1]: systemd 259.5-0ubuntu3 running in system mode (+PAM +AUDIT +SELINUX +APPARMOR +IMA +IPE +SMACK +SECCOMP +GCRYPT -GNUTLS +OPENSSL +ACL +BLKID +CURL +ELFUTILS +FIDO2 +IDN2 -IDN +KMOD +LIBCRYPTSETUP +LIBCRYPTSETUP_PLUGINS +LIBFDISK +PCRE2 +PWQUALITY +P11KIT +QRENCODE +TPM2 +BZIP2 +LZ4 +XZ +ZLIB +ZSTD +BPF_FRAMEWORK +BTF -XKBCOMMON -UTMP +SYSVINIT +LIBARCHIVE)
[dmesg] 2026-04-15T18:32:59+00:00 ubuntu systemd[1]: Detected architecture arm64.
[dmesg] 2026-04-15T18:32:59+00:00 ubuntu systemd[1]: Initializing machine ID from D-Bus machine ID.
[dmesg] 2026-04-15T18:32:59+00:00 ubuntu systemd[1]: Installed transient '/etc/machine-id' file.
[dmesg] 2026-04-15T18:32:59+00:00 ubuntu systemd[1]: bpf-restrict-fs: BPF LSM hook not enabled in the kernel, BPF LSM not supported.
[dmesg] 2026-04-15T18:32:59+00:00 ubuntu systemd[1]: /usr/lib/systemd/system/xfs_scrub_all.service:26: Support for option CPUAccounting= has been removed and it is ignored
[dmesg] 2026-04-15T18:32:59+00:00 ubuntu systemd[1]: /usr/lib/systemd/system/system-xfs_scrub.slice:15: Support for option CPUAccounting= has been removed and it is ignored
[dmesg] 2026-04-15T18:32:59+00:00 ubuntu systemd[1]: initrd-switch-root.service: Deactivated successfully.
[dmesg] 2026-04-15T18:32:59+00:00 ubuntu systemd[1]: Stopped initrd-switch-root.service - Switch Root.
[dmesg] 2026-04-15T18:32:59+00:00 ubuntu systemd[1]: systemd-journald.service: Scheduled restart job, restart counter is at 1.
[dmesg] 2026-04-15T18:32:59+00:00 ubuntu systemd[1]: Created slice system-serial\x2dgetty.slice - Slice /system/serial-getty.
[dmesg] 2026-04-15T18:32:59+00:00 ubuntu systemd[1]: Created slice system-systemd\x2dfsck.slice - Slice /system/systemd-fsck.
[dmesg] 2026-04-15T18:32:59+00:00 ubuntu systemd[1]: Created slice system-xfs_scrub.slice - xfs_scrub background service slice.
[dmesg] 2026-04-15T18:32:59+00:00 ubuntu systemd[1]: Created slice user.slice - User and Session Slice.
[dmesg] 2026-04-15T18:32:59+00:00 ubuntu systemd[1]: Started systemd-ask-password-wall.path - Forward Password Requests to Wall Directory Watch.
[dmesg] 2026-04-15T18:32:59+00:00 ubuntu systemd[1]: Set up automount proc-sys-fs-binfmt_misc.automount - Arbitrary Executable File Formats File System Automount Point.
[dmesg] 2026-04-15T18:32:59+00:00 ubuntu systemd[1]: Expecting device dev-disk-by\x2dlabel-system\x2dboot.device - /dev/disk/by-label/system-boot...
[dmesg] 2026-04-15T18:32:59+00:00 ubuntu systemd[1]: Expecting device dev-ttyS0.device - /dev/ttyS0...
[dmesg] 2026-04-15T18:32:59+00:00 ubuntu systemd[1]: Reached target imports.target - Image Downloads.
[dmesg] 2026-04-15T18:32:59+00:00 ubuntu systemd[1]: Stopped target initrd-switch-root.target - Switch Root.
[dmesg] 2026-04-15T18:32:59+00:00 ubuntu systemd[1]: Stopped target initrd-fs.target - Initrd File Systems.
[dmesg] 2026-04-15T18:32:59+00:00 ubuntu systemd[1]: Stopped target initrd-root-fs.target - Initrd Root File System.
[dmesg] 2026-04-15T18:32:59+00:00 ubuntu systemd[1]: Reached target integritysetup.target - Local Integrity Protected Volumes.
[dmesg] 2026-04-15T18:32:59+00:00 ubuntu systemd[1]: Reached target slices.target - Slice Units.
[dmesg] 2026-04-15T18:32:59+00:00 ubuntu systemd[1]: Reached target snapd.mounts-pre.target - Mounting snaps.
[dmesg] 2026-04-15T18:32:59+00:00 ubuntu systemd[1]: Reached target swap.target - Swaps.
[dmesg] 2026-04-15T18:32:59+00:00 ubuntu systemd[1]: Reached target time-set.target - System Time Set.
[dmesg] 2026-04-15T18:32:59+00:00 ubuntu systemd[1]: Reached target veritysetup.target - Local Verity Protected Volumes.
[dmesg] 2026-04-15T18:32:59+00:00 ubuntu systemd[1]: Listening on dm-event.socket - Device-mapper event daemon FIFOs.
[dmesg] 2026-04-15T18:32:59+00:00 ubuntu systemd[1]: Listening on lvm2-lvmpolld.socket - LVM2 poll daemon socket.
[dmesg] 2026-04-15T18:32:59+00:00 ubuntu systemd[1]: Listening on syslog.socket - Syslog Socket.
[dmesg] 2026-04-15T18:32:59+00:00 ubuntu systemd[1]: Listening on systemd-ask-password.socket - Query the User Interactively for a Password.
[dmesg] 2026-04-15T18:32:59+00:00 ubuntu systemd[1]: Listening on systemd-creds.socket - Credential Encryption/Decryption.
[dmesg] 2026-04-15T18:32:59+00:00 ubuntu systemd[1]: Listening on systemd-factory-reset.socket - Factory Reset Management.
[dmesg] 2026-04-15T18:32:59+00:00 ubuntu systemd[1]: Listening on systemd-mute-console.socket - Console Output Muting Service Socket.
[dmesg] 2026-04-15T18:32:59+00:00 ubuntu systemd[1]: systemd-pcrextend.socket - TPM PCR Measurements skipped, unmet condition check ConditionSecurity=measured-uki
[dmesg] 2026-04-15T18:32:59+00:00 ubuntu systemd[1]: systemd-pcrlock.socket - Make TPM PCR Policy skipped, unmet condition check ConditionSecurity=measured-uki
[dmesg] 2026-04-15T18:32:59+00:00 ubuntu systemd[1]: Listening on systemd-resolved-monitor.socket - Resolve Monitor Varlink Socket.
[dmesg] 2026-04-15T18:32:59+00:00 ubuntu systemd[1]: Listening on systemd-resolved-varlink.socket - Resolve Service Varlink Socket.
[dmesg] 2026-04-15T18:32:59+00:00 ubuntu systemd[1]: Listening on systemd-udevd-control.socket - udev Control Socket.
[dmesg] 2026-04-15T18:32:59+00:00 ubuntu systemd[1]: Listening on systemd-udevd-varlink.socket - udev Varlink Socket.
[dmesg] 2026-04-15T18:32:59+00:00 ubuntu systemd[1]: Mounting dev-hugepages.mount - Huge Pages File System...
[dmesg] 2026-04-15T18:32:59+00:00 ubuntu systemd[1]: Mounting dev-mqueue.mount - POSIX Message Queue File System...
[dmesg] 2026-04-15T18:32:59+00:00 ubuntu systemd[1]: Mounting sys-kernel-debug.mount - Kernel Debug File System...
[dmesg] 2026-04-15T18:32:59+00:00 ubuntu systemd[1]: Mounting sys-kernel-tracing.mount - Kernel Trace File System...
[dmesg] 2026-04-15T18:32:59+00:00 ubuntu systemd[1]: tmp.mount: Directory /tmp to mount over is not empty, mounting anyway.
[dmesg] 2026-04-15T18:32:59+00:00 ubuntu kernel: bcmgenet fd580000.ethernet eth0: Link is Up - 1Gbps/Full - flow control rx/tx
[dmesg] 2026-04-15T18:32:59+00:00 ubuntu systemd[1]: Mounting tmp.mount - Temporary Directory /tmp...
[dmesg] 2026-04-15T18:32:59+00:00 ubuntu systemd[1]: Starting systemd-journald.service - Journal Service...
[dmesg] 2026-04-15T18:32:59+00:00 ubuntu systemd[1]: Starting keyboard-setup.service - Set the console keyboard layout...
[dmesg] 2026-04-15T18:32:59+00:00 ubuntu systemd[1]: Starting kmod-static-nodes.service - Create List of Static Device Nodes...
[dmesg] 2026-04-15T18:32:59+00:00 ubuntu systemd[1]: Starting lvm2-monitor.service - Monitoring of LVM2 mirrors, snapshots etc. using dmeventd or progress polling...
[dmesg] 2026-04-15T18:32:59+00:00 ubuntu systemd[1]: modprobe@configfs.service - Load Kernel Module configfs skipped, unmet condition check ConditionKernelModuleLoaded=!configfs
[dmesg] 2026-04-15T18:32:59+00:00 ubuntu systemd[1]: Starting modprobe@dm_multipath.service - Load Kernel Module dm_multipath...
[dmesg] 2026-04-15T18:32:59+00:00 ubuntu systemd[1]: modprobe@drm.service - Load Kernel Module drm skipped, unmet condition check ConditionKernelModuleLoaded=!drm
[dmesg] 2026-04-15T18:32:59+00:00 ubuntu systemd[1]: Starting modprobe@efi_pstore.service - Load Kernel Module efi_pstore...
[dmesg] 2026-04-15T18:32:59+00:00 ubuntu systemd[1]: Starting modprobe@fuse.service - Load Kernel Module fuse...
[dmesg] 2026-04-15T18:32:59+00:00 ubuntu systemd[1]: systemd-hibernate-clear.service - Clear Stale Hibernate Storage Info skipped, unmet condition check ConditionPathExists=/sys/firmware/efi/efivars/HibernateLocation-8cf2644b-4b0b-428f-9387-6d876050dc67
[dmesg] 2026-04-15T18:32:59+00:00 ubuntu systemd[1]: Starting systemd-modules-load.service - Load Kernel Modules...
[dmesg] 2026-04-15T18:32:59+00:00 ubuntu systemd[1]: systemd-pcrmachine.service - TPM PCR Machine ID Measurement skipped, unmet condition check ConditionSecurity=measured-uki
[dmesg] 2026-04-15T18:32:59+00:00 ubuntu systemd[1]: systemd-pcrproduct.service - TPM NvPCR Product ID Measurement skipped, unmet condition check ConditionSecurity=measured-uki
[dmesg] 2026-04-15T18:32:59+00:00 ubuntu systemd[1]: Starting systemd-remount-fs.service - Remount Root and Kernel File Systems...
[dmesg] 2026-04-15T18:32:59+00:00 ubuntu systemd[1]: systemd-tpm2-setup-early.service - Early TPM SRK Setup skipped, unmet condition check ConditionSecurity=measured-uki
[dmesg] 2026-04-15T18:32:59+00:00 ubuntu systemd[1]: Starting systemd-udev-load-credentials.service - Load udev Rules from Credentials...
[dmesg] 2026-04-15T18:32:59+00:00 ubuntu systemd[1]: Starting systemd-udev-trigger.service - Coldplug All udev Devices...
[dmesg] 2026-04-15T18:32:59+00:00 ubuntu systemd[1]: Mounted dev-hugepages.mount - Huge Pages File System.
[dmesg] 2026-04-15T18:32:59+00:00 ubuntu systemd[1]: Mounted dev-mqueue.mount - POSIX Message Queue File System.
[dmesg] 2026-04-15T18:32:59+00:00 ubuntu systemd[1]: Mounted sys-kernel-debug.mount - Kernel Debug File System.
[dmesg] 2026-04-15T18:32:59+00:00 ubuntu systemd[1]: Mounted sys-kernel-tracing.mount - Kernel Trace File System.
[dmesg] 2026-04-15T18:32:59+00:00 ubuntu systemd[1]: Mounted tmp.mount - Temporary Directory /tmp.
[dmesg] 2026-04-15T18:32:59+00:00 ubuntu systemd[1]: Finished kmod-static-nodes.service - Create List of Static Device Nodes.
[dmesg] 2026-04-15T18:32:59+00:00 ubuntu systemd-journald[704]: Collecting audit messages is disabled.
[dmesg] 2026-04-15T18:32:59+00:00 ubuntu systemd[1]: modprobe@efi_pstore.service: Deactivated successfully.
[dmesg] 2026-04-15T18:32:59+00:00 ubuntu systemd[1]: Finished modprobe@efi_pstore.service - Load Kernel Module efi_pstore.
[dmesg] 2026-04-15T18:32:59+00:00 ubuntu systemd[1]: Starting systemd-tmpfiles-setup-dev-early.service - Create Static Device Nodes in /dev gracefully...
[dmesg] 2026-04-15T18:32:59+00:00 ubuntu systemd[1]: Started systemd-journald.service - Journal Service.
[dmesg] 2026-04-15T18:32:59+00:00 ubuntu kernel: EXT4-fs (mmcblk0p2): re-mounted 009c3fa3-7cad-413a-bac4-b4d45c2fbaf5 r/w.
[dmesg] 2026-04-15T18:32:59+00:00 ubuntu kernel: fuse: init (API version 7.45)
[dmesg] 2026-04-15T18:32:59+00:00 ubuntu kernel: device-mapper: core: CONFIG_IMA_DISABLE_HTABLE is disabled. Duplicate IMA measurements will not be recorded in the IMA log.
[dmesg] 2026-04-15T18:32:59+00:00 ubuntu kernel: device-mapper: uevent: version 1.0.3
[dmesg] 2026-04-15T18:32:59+00:00 ubuntu kernel: device-mapper: ioctl: 4.50.0-ioctl (2025-04-28) initialised: dm-devel@lists.linux.dev
[dmesg] 2026-04-15T18:32:59+00:00 ubuntu kernel: tun: Universal TUN/TAP device driver, 1.6
[dmesg] 2026-04-15T18:32:59+00:00 ubuntu systemd-journald[704]: Received client request to flush runtime journal.
[dmesg] 2026-04-15T18:33:00+00:00 ubuntu kernel: loop0: detected capacity change from 0 to 87312
[dmesg] 2026-04-15T18:33:01+00:00 ubuntu kernel: mc: Linux media interface: v0.10
[dmesg] 2026-04-15T18:33:01+00:00 ubuntu kernel: rpi-gpiomem fe200000.gpiomem: window base 0xfe200000 size 0x00001000
[dmesg] 2026-04-15T18:33:01+00:00 ubuntu kernel: rpi-gpiomem fe200000.gpiomem: initialised 1 regions as /dev/gpiomem
[dmesg] 2026-04-15T18:33:01+00:00 ubuntu kernel: videodev: Linux video capture interface: v2.00
[dmesg] 2026-04-15T18:33:01+00:00 ubuntu kernel: snd_bcm2835: module is from the staging directory, the quality is unknown, you have been warned.
[dmesg] 2026-04-15T18:33:01+00:00 ubuntu kernel: snd_bcm2835: module verification failed: signature and/or required key missing - tainting kernel
[dmesg] 2026-04-15T18:33:01+00:00 ubuntu kernel: bcm2835-audio bcm2835-audio: card created with 8 channels
[dmesg] 2026-04-15T18:33:01+00:00 ubuntu kernel: bcm2835_vc_sm_cma_probe: Videocore shared memory driver
[dmesg] 2026-04-15T18:33:01+00:00 ubuntu kernel: cdc_acm 1-1.3:1.0: ttyACM0: USB ACM device
[dmesg] 2026-04-15T18:33:01+00:00 ubuntu kernel: usbcore: registered new interface driver cdc_acm
[dmesg] 2026-04-15T18:33:01+00:00 ubuntu kernel: cdc_acm: USB Abstract Control Model driver for USB modems and ISDN adapters
[dmesg] 2026-04-15T18:33:01+00:00 ubuntu kernel: bcm2835_v4l2: module is from the staging directory, the quality is unknown, you have been warned.
[dmesg] 2026-04-15T18:33:01+00:00 ubuntu kernel: bcm2835_codec: module is from the staging directory, the quality is unknown, you have been warned.
[dmesg] 2026-04-15T18:33:01+00:00 ubuntu kernel: rpi-hevc-dec feb00000.codec: Device registered as /dev/video19
[dmesg] 2026-04-15T18:33:01+00:00 ubuntu kernel: bcm2835-codec bcm2835-codec: Device registered as /dev/video10
[dmesg] 2026-04-15T18:33:01+00:00 ubuntu kernel: bcm2835-codec bcm2835-codec: Loaded V4L2 decode
[dmesg] 2026-04-15T18:33:01+00:00 ubuntu kernel: bcm2835-isp bcm2835-isp: Device node output[0] registered as /dev/video13
[dmesg] 2026-04-15T18:33:01+00:00 ubuntu kernel: bcm2835-isp bcm2835-isp: Device node capture[0] registered as /dev/video14
[dmesg] 2026-04-15T18:33:01+00:00 ubuntu kernel: bcm2835-isp bcm2835-isp: Device node capture[1] registered as /dev/video15
[dmesg] 2026-04-15T18:33:01+00:00 ubuntu kernel: bcm2835-isp bcm2835-isp: Device node stats[2] registered as /dev/video16
[dmesg] 2026-04-15T18:33:01+00:00 ubuntu kernel: bcm2835-isp bcm2835-isp: Register output node 0 with media controller
[dmesg] 2026-04-15T18:33:01+00:00 ubuntu kernel: bcm2835-isp bcm2835-isp: Register capture node 1 with media controller
[dmesg] 2026-04-15T18:33:01+00:00 ubuntu kernel: bcm2835-isp bcm2835-isp: Register capture node 2 with media controller
[dmesg] 2026-04-15T18:33:01+00:00 ubuntu kernel: bcm2835-isp bcm2835-isp: Register capture node 3 with media controller
[dmesg] 2026-04-15T18:33:01+00:00 ubuntu kernel: bcm2835-codec bcm2835-codec: Device registered as /dev/video11
[dmesg] 2026-04-15T18:33:01+00:00 ubuntu kernel: bcm2835-codec bcm2835-codec: Loaded V4L2 encode
[dmesg] 2026-04-15T18:33:01+00:00 ubuntu kernel: bcm2835-isp bcm2835-isp: Device node output[0] registered as /dev/video20
[dmesg] 2026-04-15T18:33:01+00:00 ubuntu kernel: bcm2835-isp bcm2835-isp: Device node capture[0] registered as /dev/video21
[dmesg] 2026-04-15T18:33:01+00:00 ubuntu kernel: bcm2835-isp bcm2835-isp: Device node capture[1] registered as /dev/video22
[dmesg] 2026-04-15T18:33:01+00:00 ubuntu kernel: bcm2835-codec bcm2835-codec: Device registered as /dev/video12
[dmesg] 2026-04-15T18:33:01+00:00 ubuntu kernel: bcm2835-codec bcm2835-codec: Loaded V4L2 isp
[dmesg] 2026-04-15T18:33:01+00:00 ubuntu kernel: cfg80211: Loading compiled-in X.509 certificates for regulatory database
[dmesg] 2026-04-15T18:33:01+00:00 ubuntu kernel: bcm2835-isp bcm2835-isp: Device node stats[2] registered as /dev/video23
[dmesg] 2026-04-15T18:33:01+00:00 ubuntu kernel: bcm2835-isp bcm2835-isp: Register output node 0 with media controller
[dmesg] 2026-04-15T18:33:01+00:00 ubuntu kernel: bcm2835-isp bcm2835-isp: Register capture node 1 with media controller
[dmesg] 2026-04-15T18:33:01+00:00 ubuntu kernel: bcm2835-isp bcm2835-isp: Register capture node 2 with media controller
[dmesg] 2026-04-15T18:33:01+00:00 ubuntu kernel: bcm2835-isp bcm2835-isp: Register capture node 3 with media controller
[dmesg] 2026-04-15T18:33:01+00:00 ubuntu kernel: bcm2835-isp bcm2835-isp: Loaded V4L2 bcm2835-isp
[dmesg] 2026-04-15T18:33:01+00:00 ubuntu kernel: Loaded X.509 cert 'benh@debian.org: 577e021cb980e0e820821ba7b54b4961b8b4fadf'
[dmesg] 2026-04-15T18:33:01+00:00 ubuntu kernel: bcm2835-codec bcm2835-codec: Device registered as /dev/video18
[dmesg] 2026-04-15T18:33:01+00:00 ubuntu kernel: bcm2835-codec bcm2835-codec: Loaded V4L2 image_fx
[dmesg] 2026-04-15T18:33:01+00:00 ubuntu kernel: Loaded X.509 cert 'romain.perier@gmail.com: 3abbc6ec146e09d1b6016ab9d6cf71dd233f0328'
[dmesg] 2026-04-15T18:33:01+00:00 ubuntu kernel: Loaded X.509 cert 'sforshee: 00b28ddf47aef9cea7'
[dmesg] 2026-04-15T18:33:01+00:00 ubuntu kernel: Loaded X.509 cert 'wens: 61c038651aabdcf94bd0ac7ff06c7248db18c600'
[dmesg] 2026-04-15T18:33:01+00:00 ubuntu kernel: Bluetooth: Core ver 2.22
[dmesg] 2026-04-15T18:33:01+00:00 ubuntu kernel: NET: Registered PF_BLUETOOTH protocol family
[dmesg] 2026-04-15T18:33:01+00:00 ubuntu kernel: Bluetooth: HCI device and connection manager initialized
[dmesg] 2026-04-15T18:33:01+00:00 ubuntu kernel: Bluetooth: HCI socket layer initialized
[dmesg] 2026-04-15T18:33:01+00:00 ubuntu kernel: Bluetooth: L2CAP socket layer initialized
[dmesg] 2026-04-15T18:33:01+00:00 ubuntu kernel: Bluetooth: SCO socket layer initialized
[dmesg] 2026-04-15T18:33:01+00:00 ubuntu kernel: v3d fec00000.v3d: [drm] Using Transparent Hugepages
[dmesg] 2026-04-15T18:33:01+00:00 ubuntu kernel: [drm] Initialized v3d 1.0.0 for fec00000.v3d on minor 0
[dmesg] 2026-04-15T18:33:01+00:00 ubuntu kernel: bcm2835-codec bcm2835-codec: Device registered as /dev/video31
[dmesg] 2026-04-15T18:33:01+00:00 ubuntu kernel: bcm2835-codec bcm2835-codec: Loaded V4L2 encode_image
[dmesg] 2026-04-15T18:33:02+00:00 ubuntu kernel: brcmfmac: F1 signature read @0x18000000=0x15264345
[dmesg] 2026-04-15T18:33:02+00:00 ubuntu kernel: brcmfmac: brcmf_fw_alloc_request: using brcm/brcmfmac43455-sdio for chip BCM4345/6
[dmesg] 2026-04-15T18:33:02+00:00 ubuntu kernel: usbcore: registered new interface driver brcmfmac
[dmesg] 2026-04-15T18:33:02+00:00 ubuntu kernel: brcmfmac: brcmfmac: intercepting ccode=US
[dmesg] 2026-04-15T18:33:02+00:00 ubuntu kernel: Console: switching to colour dummy device 80x25
[dmesg] 2026-04-15T18:33:02+00:00 ubuntu kernel: Bluetooth: HCI UART driver ver 2.3
[dmesg] 2026-04-15T18:33:02+00:00 ubuntu kernel: Bluetooth: HCI UART protocol H4 registered
[dmesg] 2026-04-15T18:33:02+00:00 ubuntu kernel: Bluetooth: HCI UART protocol BCSP registered
[dmesg] 2026-04-15T18:33:02+00:00 ubuntu kernel: Bluetooth: HCI UART protocol LL registered
[dmesg] 2026-04-15T18:33:02+00:00 ubuntu kernel: Bluetooth: HCI UART protocol ATH3K registered
[dmesg] 2026-04-15T18:33:02+00:00 ubuntu kernel: Bluetooth: HCI UART protocol Three-wire (H5) registered
[dmesg] 2026-04-15T18:33:02+00:00 ubuntu kernel: Bluetooth: HCI UART protocol Intel registered
[dmesg] 2026-04-15T18:33:02+00:00 ubuntu kernel: Bluetooth: HCI UART protocol Broadcom registered
[dmesg] 2026-04-15T18:33:02+00:00 ubuntu kernel: Bluetooth: HCI UART protocol QCA registered
[dmesg] 2026-04-15T18:33:02+00:00 ubuntu kernel: Bluetooth: HCI UART protocol AG6XX registered
[dmesg] 2026-04-15T18:33:02+00:00 ubuntu kernel: Bluetooth: HCI UART protocol Marvell registered
[dmesg] 2026-04-15T18:33:02+00:00 ubuntu kernel: Bluetooth: HCI UART protocol AML registered
[dmesg] 2026-04-15T18:33:02+00:00 ubuntu kernel: hci_uart_bcm serial0-0: supply vbat not found, using dummy regulator
[dmesg] 2026-04-15T18:33:02+00:00 ubuntu kernel: hci_uart_bcm serial0-0: supply vddio not found, using dummy regulator
[dmesg] 2026-04-15T18:33:02+00:00 ubuntu kernel: vc4-drm gpu: bound fe400000.hvs (ops vc4_hvs_ops [vc4])
[dmesg] 2026-04-15T18:33:02+00:00 ubuntu kernel: Registered IR keymap rc-cec
[dmesg] 2026-04-15T18:33:02+00:00 ubuntu kernel: rc rc0: vc4-hdmi-0 as /devices/platform/soc/fef00700.hdmi/rc/rc0
[dmesg] 2026-04-15T18:33:02+00:00 ubuntu kernel: input: vc4-hdmi-0 as /devices/platform/soc/fef00700.hdmi/rc/rc0/input0
[dmesg] 2026-04-15T18:33:02+00:00 ubuntu kernel: input: vc4-hdmi-0 HDMI Jack as /devices/platform/soc/fef00700.hdmi/sound/card1/input1
[dmesg] 2026-04-15T18:33:02+00:00 ubuntu kernel: vc4-drm gpu: bound fef00700.hdmi (ops vc4_hdmi_ops [vc4])
[dmesg] 2026-04-15T18:33:02+00:00 ubuntu kernel: Registered IR keymap rc-cec
[dmesg] 2026-04-15T18:33:02+00:00 ubuntu kernel: rc rc1: vc4-hdmi-1 as /devices/platform/soc/fef05700.hdmi/rc/rc1
[dmesg] 2026-04-15T18:33:02+00:00 ubuntu kernel: input: vc4-hdmi-1 as /devices/platform/soc/fef05700.hdmi/rc/rc1/input2
[dmesg] 2026-04-15T18:33:02+00:00 ubuntu kernel: input: vc4-hdmi-1 HDMI Jack as /devices/platform/soc/fef05700.hdmi/sound/card2/input3
[dmesg] 2026-04-15T18:33:02+00:00 ubuntu kernel: vc4-drm gpu: bound fef05700.hdmi (ops vc4_hdmi_ops [vc4])
[dmesg] 2026-04-15T18:33:02+00:00 ubuntu kernel: vc4-drm gpu: bound fe004000.txp (ops vc4_txp_ops [vc4])
[dmesg] 2026-04-15T18:33:02+00:00 ubuntu kernel: vc4-drm gpu: bound fe206000.pixelvalve (ops vc4_crtc_ops [vc4])
[dmesg] 2026-04-15T18:33:02+00:00 ubuntu kernel: vc4-drm gpu: bound fe207000.pixelvalve (ops vc4_crtc_ops [vc4])
[dmesg] 2026-04-15T18:33:02+00:00 ubuntu kernel: vc4-drm gpu: bound fe20a000.pixelvalve (ops vc4_crtc_ops [vc4])
[dmesg] 2026-04-15T18:33:02+00:00 ubuntu kernel: vc4-drm gpu: bound fe216000.pixelvalve (ops vc4_crtc_ops [vc4])
[dmesg] 2026-04-15T18:33:02+00:00 ubuntu kernel: vc4-drm gpu: bound fec12000.pixelvalve (ops vc4_crtc_ops [vc4])
[dmesg] 2026-04-15T18:33:02+00:00 ubuntu kernel: brcmfmac: brcmf_c_process_txcap_blob: no txcap_blob available (err=-2)
[dmesg] 2026-04-15T18:33:02+00:00 ubuntu kernel: brcmfmac: brcmf_c_preinit_dcmds: Firmware: BCM4345/6 wl0: Aug 29 2023 01:47:08 version 7.45.265 (28bca26 CY) FWID 01-b677b91b
[dmesg] 2026-04-15T18:33:02+00:00 ubuntu kernel: [drm] Initialized vc4 0.0.0 for gpu on minor 1
[dmesg] 2026-04-15T18:33:02+00:00 ubuntu kernel: audit: type=1400 audit(1776277982.639:2): apparmor="STATUS" operation="profile_load" profile="unconfined" name=4D6F6E676F444220436F6D70617373 pid=980 comm="apparmor_parser"
[dmesg] 2026-04-15T18:33:02+00:00 ubuntu kernel: audit: type=1400 audit(1776277982.649:3): apparmor="STATUS" operation="profile_load" profile="unconfined" name="Discord" pid=979 comm="apparmor_parser"
[dmesg] 2026-04-15T18:33:02+00:00 ubuntu kernel: audit: type=1400 audit(1776277982.651:4): apparmor="STATUS" operation="profile_load" profile="unconfined" name="1password" pid=977 comm="apparmor_parser"
[dmesg] 2026-04-15T18:33:02+00:00 ubuntu kernel: audit: type=1400 audit(1776277982.655:5): apparmor="STATUS" operation="profile_load" profile="unconfined" name="QtWebEngineProcess" pid=982 comm="apparmor_parser"
[dmesg] 2026-04-15T18:33:02+00:00 ubuntu kernel: Bluetooth: hci0: BCM: chip id 107
[dmesg] 2026-04-15T18:33:02+00:00 ubuntu kernel: Bluetooth: hci0: BCM: features 0x2f
[dmesg] 2026-04-15T18:33:02+00:00 ubuntu kernel: Bluetooth: hci0: BCM4345C0
[dmesg] 2026-04-15T18:33:02+00:00 ubuntu kernel: Bluetooth: hci0: BCM4345C0 (003.001.025) build 0000
[dmesg] 2026-04-15T18:33:02+00:00 ubuntu kernel: Bluetooth: hci0: BCM4345C0 'brcm/BCM4345C0.raspberrypi,4-model-b.hcd' Patch
[dmesg] 2026-04-15T18:33:02+00:00 ubuntu kernel: audit: type=1400 audit(1776277982.726:6): apparmor="STATUS" operation="profile_load" profile="unconfined" name="balena-etcher" pid=994 comm="apparmor_parser"
[dmesg] 2026-04-15T18:33:02+00:00 ubuntu kernel: Console: switching to colour frame buffer device 240x67
[dmesg] 2026-04-15T18:33:02+00:00 ubuntu kernel: vc4-drm gpu: [drm] fb0: vc4drmfb frame buffer device
[dmesg] 2026-04-15T18:33:03+00:00 ubuntu kernel: audit: type=1400 audit(1776277983.058:7): apparmor="STATUS" operation="profile_load" profile="unconfined" name="babeld" pid=993 comm="apparmor_parser"
[dmesg] 2026-04-15T18:33:03+00:00 ubuntu kernel: audit: type=1400 audit(1776277983.206:8): apparmor="STATUS" operation="profile_load" profile="unconfined" name="bfdd" pid=1004 comm="apparmor_parser"
[dmesg] 2026-04-15T18:33:03+00:00 ubuntu kernel: audit: type=1400 audit(1776277983.228:9): apparmor="STATUS" operation="profile_load" profile="unconfined" name="alsamixer" pid=992 comm="apparmor_parser"
[dmesg] 2026-04-15T18:33:03+00:00 ubuntu kernel: audit: type=1400 audit(1776277983.232:10): apparmor="STATUS" operation="profile_load" profile="unconfined" name="brave" pid=1024 comm="apparmor_parser"
[dmesg] 2026-04-15T18:33:03+00:00 ubuntu kernel: audit: type=1400 audit(1776277983.302:11): apparmor="STATUS" operation="profile_load" profile="unconfined" name="bgpd" pid=1010 comm="apparmor_parser"
[dmesg] 2026-04-15T18:33:03+00:00 ubuntu kernel: Bluetooth: hci0: BCM: features 0x2f
[dmesg] 2026-04-15T18:33:03+00:00 ubuntu kernel: Bluetooth: hci0: BCM43455 37.4MHz Raspberry Pi 3+-0190
[dmesg] 2026-04-15T18:33:03+00:00 ubuntu kernel: Bluetooth: hci0: BCM4345C0 (003.001.025) build 0382
[dmesg] 2026-04-15T18:33:07+00:00 ubuntu kernel: kauditd_printk_skb: 124 callbacks suppressed
[dmesg] 2026-04-15T18:33:07+00:00 ubuntu kernel: audit: type=1400 audit(1776277987.693:136): apparmor="STATUS" operation="profile_load" profile="unconfined" name="tnftp" pid=1170 comm="apparmor_parser"
[dmesg] 2026-04-15T18:33:07+00:00 ubuntu kernel: audit: type=1400 audit(1776277987.698:137): apparmor="STATUS" operation="profile_load" profile="unconfined" name="tnftp//cmds" pid=1170 comm="apparmor_parser"
[dmesg] 2026-04-15T18:33:07+00:00 ubuntu kernel: audit: type=1400 audit(1776277987.702:138): apparmor="STATUS" operation="profile_load" profile="unconfined" name="tnftp//dash" pid=1170 comm="apparmor_parser"
[dmesg] 2026-04-15T18:33:07+00:00 ubuntu kernel: audit: type=1400 audit(1776277987.706:139): apparmor="STATUS" operation="profile_load" profile="unconfined" name="tnftp//dash//more" pid=1170 comm="apparmor_parser"
[dmesg] 2026-04-15T18:33:08+00:00 ubuntu kernel: audit: type=1400 audit(1776277988.045:140): apparmor="STATUS" operation="profile_load" profile="unconfined" name="unix-chkpwd" pid=1273 comm="apparmor_parser"
[dmesg] 2026-04-15T18:33:08+00:00 ubuntu kernel: audit: type=1400 audit(1776277988.119:141): apparmor="STATUS" operation="profile_load" profile="unconfined" name="unprivileged_userns" pid=1314 comm="apparmor_parser"
[dmesg] 2026-04-15T18:33:08+00:00 ubuntu kernel: audit: type=1400 audit(1776277988.135:142): apparmor="STATUS" operation="profile_load" profile="unconfined" name="userbindmount" pid=1324 comm="apparmor_parser"
[dmesg] 2026-04-15T18:33:08+00:00 ubuntu kernel: audit: type=1400 audit(1776277988.329:143): apparmor="STATUS" operation="profile_load" profile="unconfined" name="tshark" pid=1173 comm="apparmor_parser"
[dmesg] 2026-04-15T18:33:08+00:00 ubuntu kernel: audit: type=1400 audit(1776277988.341:144): apparmor="STATUS" operation="profile_load" profile="unconfined" name="tshark//dumpcap" pid=1173 comm="apparmor_parser"
[dmesg] 2026-04-15T18:33:08+00:00 ubuntu kernel: audit: type=1400 audit(1776277988.405:145): apparmor="STATUS" operation="profile_load" profile="unconfined" name="/usr/bin/man" pid=1330 comm="apparmor_parser"
[dmesg] 2026-04-15T18:33:16+00:00 dev-piotbr kernel: kauditd_printk_skb: 36 callbacks suppressed
[dmesg] 2026-04-15T18:33:16+00:00 dev-piotbr kernel: audit: type=1400 audit(1776277996.010:182): apparmor="DENIED" operation="sendmsg" class="file" profile="systemd-detect-virt" name="/apparmor/disconnected/run/systemd/journal/socket" pid=1557 comm="systemd-detect-" requested_mask="w" denied_mask="w" fsuid=0 ouid=0
[dmesg] 2026-04-15T18:33:16+00:00 dev-piotbr kernel: audit: type=1400 audit(1776277996.011:183): apparmor="DENIED" operation="capable" class="cap" profile="systemd-detect-virt" pid=1557 comm="systemd-detect-" capability=38  capname="perfmon"
[dmesg] 2026-04-15T18:33:16+00:00 dev-piotbr kernel: audit: type=1400 audit(1776277996.013:184): apparmor="DENIED" operation="sendmsg" class="file" profile="systemd-detect-virt" name="/apparmor/disconnected/run/systemd/notify" pid=1557 comm="systemd-detect-" requested_mask="w" denied_mask="w" fsuid=0 ouid=0
[dmesg] 2026-04-15T18:33:16+00:00 dev-piotbr kernel: audit: type=1400 audit(1776277996.069:185): apparmor="STATUS" operation="profile_replace" info="same as current profile, skipping" profile="unconfined" name="rsyslogd" pid=1532 comm="apparmor_parser"
[dmesg] 2026-04-15T18:33:16+00:00 dev-piotbr kernel: audit: type=1400 audit(1776277996.925:186): apparmor="DENIED" operation="open" class="file" profile="pollinate" name="/usr/share/coreutils/locales/uucore/en-US.ftl" pid=1663 comm="mktemp" requested_mask="r" denied_mask="r" fsuid=102 ouid=0
[dmesg] 2026-04-15T18:33:17+00:00 dev-piotbr kernel: audit: type=1400 audit(1776277997.093:187): apparmor="DENIED" operation="open" class="file" profile="pollinate" name="/usr/share/coreutils/locales/uucore/en-US.ftl" pid=1677 comm="head" requested_mask="r" denied_mask="r" fsuid=102 ouid=0
[dmesg] 2026-04-15T18:33:17+00:00 dev-piotbr kernel: audit: type=1400 audit(1776277997.292:188): apparmor="DENIED" operation="open" class="file" profile="pollinate" name="/usr/share/coreutils/locales/uucore/en-US.ftl" pid=1691 comm="uname" requested_mask="r" denied_mask="r" fsuid=102 ouid=0
[dmesg] 2026-04-15T18:33:17+00:00 dev-piotbr kernel: audit: type=1400 audit(1776277997.638:189): apparmor="DENIED" operation="open" class="file" profile="pollinate" name="/usr/share/coreutils/locales/uucore/en-US.ftl" pid=1710 comm="cat" requested_mask="r" denied_mask="r" fsuid=102 ouid=0
[dmesg] 2026-04-15T18:33:18+00:00 dev-piotbr kernel: NET: Registered PF_QIPCRTR protocol family
[dmesg] 2026-04-15T18:33:21+00:00 dev-piotbr kernel: loop1: detected capacity change from 0 to 8
[dmesg] 2026-04-15T18:33:21+00:00 dev-piotbr kernel: audit: type=1400 audit(1776278001.610:190): apparmor="STATUS" operation="profile_replace" info="same as current profile, skipping" profile="unconfined" name="/snap/snapd/26869/usr/lib/snapd/snap-confine" pid=1832 comm="apparmor_parser"
[dmesg] 2026-04-15T18:33:24+00:00 dev-piotbr kernel: audit: type=1400 audit(1776278004.306:191): apparmor="DENIED" operation="capable" class="cap" profile="ubuntu_pro_esm_cache_systemd_detect_virt" pid=1877 comm="systemd-detect-" capability=38  capname="perfmon"
[dmesg] 2026-04-15T18:33:24+00:00 dev-piotbr kernel: audit: type=1400 audit(1776278004.306:192): apparmor="DENIED" operation="open" class="file" profile="ubuntu_pro_esm_cache_systemd_detect_virt" name="/sys/firmware/devicetree/base/" pid=1877 comm="systemd-detect-" requested_mask="r" denied_mask="r" fsuid=0 ouid=0
[dmesg] 2026-04-15T18:33:32+00:00 dev-piotbr kernel: brcmfmac: brcmf_cfg80211_set_power_mgmt: power save disabled
[dmesg] 2026-05-25T01:38:09+00:00 dev-piotbr kernel: audit: type=1400 audit(1779673088.996:193): apparmor="DENIED" operation="capable" class="cap" profile="ubuntu_pro_esm_cache_systemd_detect_virt" pid=2942 comm="systemd-detect-" capability=38  capname="perfmon"
[dmesg] 2026-05-25T01:38:09+00:00 dev-piotbr kernel: audit: type=1400 audit(1779673088.996:194): apparmor="DENIED" operation="open" class="file" profile="ubuntu_pro_esm_cache_systemd_detect_virt" name="/sys/firmware/devicetree/base/" pid=2942 comm="systemd-detect-" requested_mask="r" denied_mask="r" fsuid=0 ouid=0
